<?xml version="1.0" encoding="utf-8"?>
<TestRun id="bf0ce52c-68aa-4747-a1cb-074b5ede0627" name="jkakadia@WLH48Z0UEKZDBZV 2025-07-24 12:27:24" runUser="HCHBCORP\jkakadia" xmlns="http://microsoft.com/schemas/VisualStudio/TeamTest/2010">
  <Times creation="2025-07-24T12:27:24.3413210-05:00" queuing="2025-07-24T12:27:24.3413214-05:00" start="2025-07-24T12:26:58.2753922-05:00" finish="2025-07-24T12:29:13.7477993-05:00" />
  <TestSettings name="default" id="94a05d31-4534-49d8-add2-918ef2a22276">
    <Deployment runDeploymentRoot="jkakadia_WLH48Z0UEKZDBZV_2025-07-24_12_27_24" />
  </TestSettings>
  <Results>
    <UnitTestResult executionId="2404c1a2-c530-4003-97cf-9f6df91ea0ee" testId="a5d2fedf-8435-066c-18d7-06b50b7975f0" testName="PlaywrightTests.AllPagesE2ETest.Page_Should_Load_And_Display_Key_Element(route: &quot;/graphql-demo&quot;, keyTextOrClass: &quot;GraphQL Demo&quot;)" computerName="WLH48Z0UEKZDBZV" duration="00:00:04.9928651" startTime="2025-07-24T12:28:07.6000475-05:00" endTime="2025-07-24T12:28:07.6000477-05:00" testType="13cdc9d9-ddb5-4fa4-a97d-d965ccfc6d4b" outcome="Passed" testListId="8c84fa94-04c1-424b-9868-57a2d4851a1d" relativeResultsDirectory="2404c1a2-c530-4003-97cf-9f6df91ea0ee" />
    <UnitTestResult executionId="06d72f8d-cabc-462b-bd30-d37f2681877a" testId="b5fd2a00-8d3d-9235-e9ba-16807bd96af0" testName="PlaywrightTests.AllPagesE2ETest.Page_Should_Load_And_Display_Key_Element(route: &quot;/referral-form&quot;, keyTextOrClass: &quot;Patient Intake&quot;)" computerName="WLH48Z0UEKZDBZV" duration="00:00:04.9954156" startTime="2025-07-24T12:28:02.6068248-05:00" endTime="2025-07-24T12:28:02.6068251-05:00" testType="13cdc9d9-ddb5-4fa4-a97d-d965ccfc6d4b" outcome="Passed" testListId="8c84fa94-04c1-424b-9868-57a2d4851a1d" relativeResultsDirectory="06d72f8d-cabc-462b-bd30-d37f2681877a" />
    <UnitTestResult executionId="3c454e66-38b0-4388-be01-19af5543a325" testId="9f907180-c91d-4768-9d62-15c877e75095" testName="PlaywrightTests.AllPagesE2ETest.Page_Should_Load_And_Display_Key_Element(route: &quot;/wound/compare-images&quot;, keyTextOrClass: &quot;form-header&quot;)" computerName="WLH48Z0UEKZDBZV" duration="00:00:05.0292287" startTime="2025-07-24T12:28:44.9837437-05:00" endTime="2025-07-24T12:28:44.9837441-05:00" testType="13cdc9d9-ddb5-4fa4-a97d-d965ccfc6d4b" outcome="Passed" testListId="8c84fa94-04c1-424b-9868-57a2d4851a1d" relativeResultsDirectory="3c454e66-38b0-4388-be01-19af5543a325" />
    <UnitTestResult executionId="4055c135-5dc7-4fcf-87d8-d27c7f6e1a0d" testId="6a6a3d88-7b83-cbe1-449d-01f6e7480935" testName="PlaywrightTests.AboutPageE2ETest.AboutPage_Should_Display_Copyright_Info" computerName="WLH48Z0UEKZDBZV" duration="00:00:04.9890701" startTime="2025-07-24T12:27:29.3056351-05:00" endTime="2025-07-24T12:27:29.3056357-05:00" testType="13cdc9d9-ddb5-4fa4-a97d-d965ccfc6d4b" outcome="Passed" testListId="8c84fa94-04c1-424b-9868-57a2d4851a1d" relativeResultsDirectory="4055c135-5dc7-4fcf-87d8-d27c7f6e1a0d" />
    <UnitTestResult executionId="ff79ec06-d8b4-4d5c-bfe4-1efe86e25a73" testId="0c0c9fb0-3a47-4be3-194f-189087065b71" testName="PlaywrightTests.AllPagesE2ETest.Page_Should_Load_And_Display_Key_Element(route: &quot;/wound/associate-to-order&quot;, keyTextOrClass: &quot;dialog-container&quot;)" computerName="WLH48Z0UEKZDBZV" duration="00:00:05.3130554" startTime="2025-07-24T12:29:00.6295224-05:00" endTime="2025-07-24T12:29:00.6295228-05:00" testType="13cdc9d9-ddb5-4fa4-a97d-d965ccfc6d4b" outcome="Passed" testListId="8c84fa94-04c1-424b-9868-57a2d4851a1d" relativeResultsDirectory="ff79ec06-d8b4-4d5c-bfe4-1efe86e25a73" />
    <UnitTestResult executionId="2432032f-6b38-4099-9415-2119d60ca065" testId="641a3f9c-6ce8-1d34-2a78-63f4bf95f284" testName="PlaywrightTests.AllPagesE2ETest.Page_Should_Load_And_Display_Key_Element(route: &quot;/about&quot;, keyTextOrClass: &quot;About&quot;)" computerName="WLH48Z0UEKZDBZV" duration="00:00:04.3737399" startTime="2025-07-24T12:29:09.3527756-05:00" endTime="2025-07-24T12:29:09.3527759-05:00" testType="13cdc9d9-ddb5-4fa4-a97d-d965ccfc6d4b" outcome="Passed" testListId="8c84fa94-04c1-424b-9868-57a2d4851a1d" relativeResultsDirectory="2432032f-6b38-4099-9415-2119d60ca065" />
    <UnitTestResult executionId="b45e7825-bb99-4d47-a5ba-1616cc26d7fc" testId="8ad0d637-cf52-ef85-d0f7-2c18c6e42c38" testName="PlaywrightTests.AllPagesE2ETest.Page_Should_Load_And_Display_Key_Element(route: &quot;/wound/correct-location-type&quot;, keyTextOrClass: &quot;dialog-container&quot;)" computerName="WLH48Z0UEKZDBZV" duration="00:00:04.4042296" startTime="2025-07-24T12:28:12.0047294-05:00" endTime="2025-07-24T12:28:12.0047298-05:00" testType="13cdc9d9-ddb5-4fa4-a97d-d965ccfc6d4b" outcome="Passed" testListId="8c84fa94-04c1-424b-9868-57a2d4851a1d" relativeResultsDirectory="b45e7825-bb99-4d47-a5ba-1616cc26d7fc" />
    <UnitTestResult executionId="bacff669-0242-48b2-ab8a-e15cca64d7d3" testId="422133b2-6083-79eb-ac06-3ce49a867937" testName="PlaywrightTests.BasicE2ETest.HomePage_Should_Have_Title" computerName="WLH48Z0UEKZDBZV" duration="00:00:26.4460883" startTime="2025-07-24T12:27:25.3921946-05:00" endTime="2025-07-24T12:27:25.3921950-05:00" testType="13cdc9d9-ddb5-4fa4-a97d-d965ccfc6d4b" outcome="Passed" testListId="8c84fa94-04c1-424b-9868-57a2d4851a1d" relativeResultsDirectory="bacff669-0242-48b2-ab8a-e15cca64d7d3" />
    <UnitTestResult executionId="e0cce495-f18a-4106-9a1f-1f11d61860fc" testId="0b0af52b-6801-9dc7-ecd8-cbf9b9500325" testName="PlaywrightTests.AllPagesE2ETest.Page_Should_Load_And_Display_Key_Element(route: &quot;/clinical-input-search&quot;, keyTextOrClass: &quot;Search&quot;)" computerName="WLH48Z0UEKZDBZV" duration="00:00:27.4942263" startTime="2025-07-24T12:27:26.4405192-05:00" endTime="2025-07-24T12:27:26.4405197-05:00" testType="13cdc9d9-ddb5-4fa4-a97d-d965ccfc6d4b" outcome="Passed" testListId="8c84fa94-04c1-424b-9868-57a2d4851a1d" relativeResultsDirectory="e0cce495-f18a-4106-9a1f-1f11d61860fc" />
    <UnitTestResult executionId="abec2d59-e3f5-4e87-bc22-95e8e4ed28cc" testId="bc2e0dd3-d341-45eb-6ca1-b92ece2e1629" testName="PlaywrightTests.AllPagesE2ETest.Page_Should_Load_And_Display_Key_Element(route: &quot;/wound/add-edit-image&quot;, keyTextOrClass: &quot;form-header&quot;)" computerName="WLH48Z0UEKZDBZV" duration="00:00:05.5113285" startTime="2025-07-24T12:28:39.9541357-05:00" endTime="2025-07-24T12:28:39.9541360-05:00" testType="13cdc9d9-ddb5-4fa4-a97d-d965ccfc6d4b" outcome="Passed" testListId="8c84fa94-04c1-424b-9868-57a2d4851a1d" relativeResultsDirectory="abec2d59-e3f5-4e87-bc22-95e8e4ed28cc" />
    <UnitTestResult executionId="5f3699af-5834-4f7d-ac72-242214cb3923" testId="1f9401fc-a3ed-2791-856f-7bb57e9b6e22" testName="PlaywrightTests.AllPagesE2ETest.Page_Should_Load_And_Display_Key_Element(route: &quot;/billing-management&quot;, keyTextOrClass: &quot;Billing Management&quot;)" computerName="WLH48Z0UEKZDBZV" duration="00:00:04.3478398" startTime="2025-07-24T12:29:13.7012236-05:00" endTime="2025-07-24T12:29:13.7012239-05:00" testType="13cdc9d9-ddb5-4fa4-a97d-d965ccfc6d4b" outcome="Passed" testListId="8c84fa94-04c1-424b-9868-57a2d4851a1d" relativeResultsDirectory="5f3699af-5834-4f7d-ac72-242214cb3923" />
    <UnitTestResult executionId="71d68213-baee-4a28-9401-5710274603df" testId="0ae98ee1-553b-917d-7349-969972170183" testName="PlaywrightTests.AllPagesE2ETest.Page_Should_Load_And_Display_Key_Element(route: &quot;/workers/add-edit&quot;, keyTextOrClass: &quot;Add/Edit Worker&quot;)" computerName="WLH48Z0UEKZDBZV" duration="00:00:04.8260275" startTime="2025-07-24T12:27:57.6109819-05:00" endTime="2025-07-24T12:27:57.6109823-05:00" testType="13cdc9d9-ddb5-4fa4-a97d-d965ccfc6d4b" outcome="Passed" testListId="8c84fa94-04c1-424b-9868-57a2d4851a1d" relativeResultsDirectory="71d68213-baee-4a28-9401-5710274603df" />
    <UnitTestResult executionId="e774b42b-960b-4000-ba35-755f3614eeeb" testId="ddfb976a-a27f-1c25-6870-3d7b3ad4b884" testName="PlaywrightTests.AllPagesE2ETest.Page_Should_Load_And_Display_Key_Element(route: &quot;/workers/add-edit-1&quot;, keyTextOrClass: &quot;Add/Edit Worker&quot;)" computerName="WLH48Z0UEKZDBZV" duration="00:00:04.3443889" startTime="2025-07-24T12:28:20.7094474-05:00" endTime="2025-07-24T12:28:20.7094483-05:00" testType="13cdc9d9-ddb5-4fa4-a97d-d965ccfc6d4b" outcome="Passed" testListId="8c84fa94-04c1-424b-9868-57a2d4851a1d" relativeResultsDirectory="e774b42b-960b-4000-ba35-755f3614eeeb" />
    <UnitTestResult executionId="b3bfaae0-e8d1-416e-b6e4-51ee68973746" testId="afb52a71-bf6c-1752-a7ac-59f494ac1a64" testName="PlaywrightTests.AboutPageE2ETest.AboutPage_Should_Display_Heading" computerName="WLH48Z0UEKZDBZV" duration="00:00:25.3664692" startTime="2025-07-24T12:27:24.3156258-05:00" endTime="2025-07-24T12:27:24.3156372-05:00" testType="13cdc9d9-ddb5-4fa4-a97d-d965ccfc6d4b" outcome="Passed" testListId="8c84fa94-04c1-424b-9868-57a2d4851a1d" relativeResultsDirectory="b3bfaae0-e8d1-416e-b6e4-51ee68973746" />
    <UnitTestResult executionId="518778e9-3b54-4d0a-9520-2fe20b52884d" testId="348c510d-e24c-ac1d-758b-203710e9be33" testName="PlaywrightTests.AllPagesE2ETest.Page_Should_Load_And_Display_Key_Element(route: &quot;/wound/restage-pressure-ulcer&quot;, keyTextOrClass: &quot;dialog-container&quot;)" computerName="WLH48Z0UEKZDBZV" duration="00:00:08.6988121" startTime="2025-07-24T12:27:52.7845211-05:00" endTime="2025-07-24T12:27:52.7845214-05:00" testType="13cdc9d9-ddb5-4fa4-a97d-d965ccfc6d4b" outcome="Passed" testListId="8c84fa94-04c1-424b-9868-57a2d4851a1d" relativeResultsDirectory="518778e9-3b54-4d0a-9520-2fe20b52884d" />
    <UnitTestResult executionId="9ee3a66e-cf78-48a6-92e4-a1df6862b68a" testId="4a3c3c1d-71ed-a437-8dfb-f282c7665fc7" testName="PlaywrightTests.AboutPageE2ETest.AboutPage_Close_Button_Should_Navigate_To_Home" computerName="WLH48Z0UEKZDBZV" duration="00:00:07.8010921" startTime="2025-07-24T12:27:37.1073385-05:00" endTime="2025-07-24T12:27:37.1073389-05:00" testType="13cdc9d9-ddb5-4fa4-a97d-d965ccfc6d4b" outcome="Passed" testListId="8c84fa94-04c1-424b-9868-57a2d4851a1d" relativeResultsDirectory="9ee3a66e-cf78-48a6-92e4-a1df6862b68a" />
    <UnitTestResult executionId="53aa1cf8-5fa6-4b2b-b4d6-90917f41767c" testId="7cd1b2bb-d802-e8d1-979f-7a2989140f19" testName="PlaywrightTests.AllPagesE2ETest.Page_Should_Load_And_Display_Key_Element(route: &quot;/&quot;, keyTextOrClass: &quot;Welcome to BackOffice.Blazor&quot;)" computerName="WLH48Z0UEKZDBZV" duration="00:00:04.3594147" startTime="2025-07-24T12:28:16.3645782-05:00" endTime="2025-07-24T12:28:16.3645786-05:00" testType="13cdc9d9-ddb5-4fa4-a97d-d965ccfc6d4b" outcome="Passed" testListId="8c84fa94-04c1-424b-9868-57a2d4851a1d" relativeResultsDirectory="53aa1cf8-5fa6-4b2b-b4d6-90917f41767c" />
    <UnitTestResult executionId="0e904837-d253-4902-be98-9f5c20225fe2" testId="78c903b4-8f94-18a1-eead-e282b5bb47eb" testName="PlaywrightTests.AllPagesE2ETest.Page_Should_Load_And_Display_Key_Element(route: &quot;/workers&quot;, keyTextOrClass: &quot;Workers Management&quot;)" computerName="WLH48Z0UEKZDBZV" duration="00:00:08.9052280" startTime="2025-07-24T12:27:44.0850753-05:00" endTime="2025-07-24T12:27:44.0850757-05:00" testType="13cdc9d9-ddb5-4fa4-a97d-d965ccfc6d4b" outcome="Passed" testListId="8c84fa94-04c1-424b-9868-57a2d4851a1d" relativeResultsDirectory="0e904837-d253-4902-be98-9f5c20225fe2" />
    <UnitTestResult executionId="2a513cf0-427b-464b-a44b-51c4a52a2475" testId="f9d7b8ab-bdea-e569-85e0-193f77cfc0c1" testName="PlaywrightTests.AllPagesE2ETest.Page_Should_Load_And_Display_Key_Element(route: &quot;/mainform-full&quot;, keyTextOrClass: &quot;HCHB BackOffice&quot;)" computerName="WLH48Z0UEKZDBZV" duration="00:00:08.7383988" startTime="2025-07-24T12:27:35.1795317-05:00" endTime="2025-07-24T12:27:35.1795320-05:00" testType="13cdc9d9-ddb5-4fa4-a97d-d965ccfc6d4b" outcome="Passed" testListId="8c84fa94-04c1-424b-9868-57a2d4851a1d" relativeResultsDirectory="2a513cf0-427b-464b-a44b-51c4a52a2475" />
    <UnitTestResult executionId="61f53c0a-aa21-4d60-942c-08961f8b2ccc" testId="968b6c5f-a488-329d-b48c-ccdc80659730" testName="PlaywrightTests.AllPagesE2ETest.Page_Should_Load_And_Display_Key_Element(route: &quot;/wound/inactivate&quot;, keyTextOrClass: &quot;dialog-container&quot;)" computerName="WLH48Z0UEKZDBZV" duration="00:00:04.3486638" startTime="2025-07-24T12:29:04.9785680-05:00" endTime="2025-07-24T12:29:04.9785682-05:00" testType="13cdc9d9-ddb5-4fa4-a97d-d965ccfc6d4b" outcome="Passed" testListId="8c84fa94-04c1-424b-9868-57a2d4851a1d" relativeResultsDirectory="61f53c0a-aa21-4d60-942c-08961f8b2ccc" />
    <UnitTestResult executionId="5ae0d2ac-c787-4369-a36c-b5574e1ae6c3" testId="4e068c6d-01ac-9f19-6652-789c4fada832" testName="PlaywrightTests.AllPagesE2ETest.Page_Should_Load_And_Display_Key_Element(route: &quot;/wound/record&quot;, keyTextOrClass: &quot;app-header&quot;)" computerName="WLH48Z0UEKZDBZV" duration="00:00:04.4892297" startTime="2025-07-24T12:28:25.1989883-05:00" endTime="2025-07-24T12:28:25.1989886-05:00" testType="13cdc9d9-ddb5-4fa4-a97d-d965ccfc6d4b" outcome="Passed" testListId="8c84fa94-04c1-424b-9868-57a2d4851a1d" relativeResultsDirectory="5ae0d2ac-c787-4369-a36c-b5574e1ae6c3" />
    <UnitTestResult executionId="1e4a60a7-022f-49b7-95f9-e008cc292da6" testId="ab21cfeb-7af7-b150-ce60-f2d62ead2900" testName="PlaywrightTests.AllPagesE2ETest.Page_Should_Load_And_Display_Key_Element(route: &quot;/wound/view-list&quot;, keyTextOrClass: &quot;form-header&quot;)" computerName="WLH48Z0UEKZDBZV" duration="00:00:05.3505568" startTime="2025-07-24T12:28:55.3160477-05:00" endTime="2025-07-24T12:28:55.3160480-05:00" testType="13cdc9d9-ddb5-4fa4-a97d-d965ccfc6d4b" outcome="Passed" testListId="8c84fa94-04c1-424b-9868-57a2d4851a1d" relativeResultsDirectory="1e4a60a7-022f-49b7-95f9-e008cc292da6" />
    <UnitTestResult executionId="95f89ead-9b83-4774-87bc-eaf43a02b56a" testId="aa0ce9da-abb2-8e99-c629-3f68c5798757" testName="PlaywrightTests.AboutPageE2ETest.AboutPage_Should_Display_All_Images_With_Correct_Alt" computerName="WLH48Z0UEKZDBZV" duration="00:00:07.9239360" startTime="2025-07-24T12:27:52.3032986-05:00" endTime="2025-07-24T12:27:52.3032990-05:00" testType="13cdc9d9-ddb5-4fa4-a97d-d965ccfc6d4b" outcome="Passed" testListId="8c84fa94-04c1-424b-9868-57a2d4851a1d" relativeResultsDirectory="95f89ead-9b83-4774-87bc-eaf43a02b56a" />
    <UnitTestResult executionId="4d154102-e619-44b6-8fba-a3282adc2d59" testId="64eee20e-9648-e2db-dc84-c7c6dcb911d2" testName="PlaywrightTests.AllPagesE2ETest.Page_Should_Load_And_Display_Key_Element(route: &quot;/tableadmin&quot;, keyTextOrClass: &quot;Table Administration&quot;)" computerName="WLH48Z0UEKZDBZV" duration="00:00:04.3333093" startTime="2025-07-24T12:28:34.4423609-05:00" endTime="2025-07-24T12:28:34.4423612-05:00" testType="13cdc9d9-ddb5-4fa4-a97d-d965ccfc6d4b" outcome="Passed" testListId="8c84fa94-04c1-424b-9868-57a2d4851a1d" relativeResultsDirectory="4d154102-e619-44b6-8fba-a3282adc2d59" />
    <UnitTestResult executionId="c883b977-f477-44ac-bf8e-f7c982745db1" testId="bf4ca710-8cf7-4847-6a86-5ef2fba30bb8" testName="PlaywrightTests.AboutPageE2ETest.AboutPage_Should_Display_Version_Info" computerName="WLH48Z0UEKZDBZV" duration="00:00:07.2708358" startTime="2025-07-24T12:27:44.3786872-05:00" endTime="2025-07-24T12:27:44.3786875-05:00" testType="13cdc9d9-ddb5-4fa4-a97d-d965ccfc6d4b" outcome="Passed" testListId="8c84fa94-04c1-424b-9868-57a2d4851a1d" relativeResultsDirectory="c883b977-f477-44ac-bf8e-f7c982745db1" />
    <UnitTestResult executionId="5a48d839-53aa-41c4-830f-dea360cb07ed" testId="71429d5b-7840-c796-d6e8-f3f8e763bbea" testName="PlaywrightTests.AllPagesE2ETest.Page_Should_Load_And_Display_Key_Element(route: &quot;/clinical-input&quot;, keyTextOrClass: &quot;Clinical Input Console&quot;)" computerName="WLH48Z0UEKZDBZV" duration="00:00:04.9092527" startTime="2025-07-24T12:28:30.1086345-05:00" endTime="2025-07-24T12:28:30.1086348-05:00" testType="13cdc9d9-ddb5-4fa4-a97d-d965ccfc6d4b" outcome="Passed" testListId="8c84fa94-04c1-424b-9868-57a2d4851a1d" relativeResultsDirectory="5a48d839-53aa-41c4-830f-dea360cb07ed" />
    <UnitTestResult executionId="6e3246db-514e-45f0-91f7-777bbe5b8c2a" testId="523059fd-ca79-1dfa-ed1b-2fb2ab9c200b" testName="PlaywrightTests.AllPagesE2ETest.Page_Should_Load_And_Display_Key_Element(route: &quot;/wound/add-simple&quot;, keyTextOrClass: &quot;form-header&quot;)" computerName="WLH48Z0UEKZDBZV" duration="00:00:04.9810496" startTime="2025-07-24T12:28:49.9651374-05:00" endTime="2025-07-24T12:28:49.9651391-05:00" testType="13cdc9d9-ddb5-4fa4-a97d-d965ccfc6d4b" outcome="Passed" testListId="8c84fa94-04c1-424b-9868-57a2d4851a1d" relativeResultsDirectory="6e3246db-514e-45f0-91f7-777bbe5b8c2a" />
  </Results>
  <TestDefinitions>
    <UnitTest name="PlaywrightTests.AllPagesE2ETest.Page_Should_Load_And_Display_Key_Element(route: &quot;/mainform-full&quot;, keyTextOrClass: &quot;HCHB BackOffice&quot;)" storage="c:\hackday2\hack_leftovers\playwrighttests\bin\debug\net9.0\playwrighttests.dll" id="f9d7b8ab-bdea-e569-85e0-193f77cfc0c1">
      <Execution id="2a513cf0-427b-464b-a44b-51c4a52a2475" />
      <TestMethod codeBase="C:\HackDay2\hack_leftovers\PlaywrightTests\bin\Debug\net9.0\PlaywrightTests.dll" adapterTypeName="executor://xunit/VsTestRunner2/netcoreapp" className="PlaywrightTests.AllPagesE2ETest" name="Page_Should_Load_And_Display_Key_Element" />
    </UnitTest>
    <UnitTest name="PlaywrightTests.AllPagesE2ETest.Page_Should_Load_And_Display_Key_Element(route: &quot;/wound/add-edit-image&quot;, keyTextOrClass: &quot;form-header&quot;)" storage="c:\hackday2\hack_leftovers\playwrighttests\bin\debug\net9.0\playwrighttests.dll" id="bc2e0dd3-d341-45eb-6ca1-b92ece2e1629">
      <Execution id="abec2d59-e3f5-4e87-bc22-95e8e4ed28cc" />
      <TestMethod codeBase="C:\HackDay2\hack_leftovers\PlaywrightTests\bin\Debug\net9.0\PlaywrightTests.dll" adapterTypeName="executor://xunit/VsTestRunner2/netcoreapp" className="PlaywrightTests.AllPagesE2ETest" name="Page_Should_Load_And_Display_Key_Element" />
    </UnitTest>
    <UnitTest name="PlaywrightTests.AllPagesE2ETest.Page_Should_Load_And_Display_Key_Element(route: &quot;/about&quot;, keyTextOrClass: &quot;About&quot;)" storage="c:\hackday2\hack_leftovers\playwrighttests\bin\debug\net9.0\playwrighttests.dll" id="641a3f9c-6ce8-1d34-2a78-63f4bf95f284">
      <Execution id="2432032f-6b38-4099-9415-2119d60ca065" />
      <TestMethod codeBase="C:\HackDay2\hack_leftovers\PlaywrightTests\bin\Debug\net9.0\PlaywrightTests.dll" adapterTypeName="executor://xunit/VsTestRunner2/netcoreapp" className="PlaywrightTests.AllPagesE2ETest" name="Page_Should_Load_And_Display_Key_Element" />
    </UnitTest>
    <UnitTest name="PlaywrightTests.AboutPageE2ETest.AboutPage_Should_Display_Copyright_Info" storage="c:\hackday2\hack_leftovers\playwrighttests\bin\debug\net9.0\playwrighttests.dll" id="6a6a3d88-7b83-cbe1-449d-01f6e7480935">
      <Execution id="4055c135-5dc7-4fcf-87d8-d27c7f6e1a0d" />
      <TestMethod codeBase="C:\HackDay2\hack_leftovers\PlaywrightTests\bin\Debug\net9.0\PlaywrightTests.dll" adapterTypeName="executor://xunit/VsTestRunner2/netcoreapp" className="PlaywrightTests.AboutPageE2ETest" name="AboutPage_Should_Display_Copyright_Info" />
    </UnitTest>
    <UnitTest name="PlaywrightTests.AllPagesE2ETest.Page_Should_Load_And_Display_Key_Element(route: &quot;/wound/view-list&quot;, keyTextOrClass: &quot;form-header&quot;)" storage="c:\hackday2\hack_leftovers\playwrighttests\bin\debug\net9.0\playwrighttests.dll" id="ab21cfeb-7af7-b150-ce60-f2d62ead2900">
      <Execution id="1e4a60a7-022f-49b7-95f9-e008cc292da6" />
      <TestMethod codeBase="C:\HackDay2\hack_leftovers\PlaywrightTests\bin\Debug\net9.0\PlaywrightTests.dll" adapterTypeName="executor://xunit/VsTestRunner2/netcoreapp" className="PlaywrightTests.AllPagesE2ETest" name="Page_Should_Load_And_Display_Key_Element" />
    </UnitTest>
    <UnitTest name="PlaywrightTests.AllPagesE2ETest.Page_Should_Load_And_Display_Key_Element(route: &quot;/wound/associate-to-order&quot;, keyTextOrClass: &quot;dialog-container&quot;)" storage="c:\hackday2\hack_leftovers\playwrighttests\bin\debug\net9.0\playwrighttests.dll" id="0c0c9fb0-3a47-4be3-194f-189087065b71">
      <Execution id="ff79ec06-d8b4-4d5c-bfe4-1efe86e25a73" />
      <TestMethod codeBase="C:\HackDay2\hack_leftovers\PlaywrightTests\bin\Debug\net9.0\PlaywrightTests.dll" adapterTypeName="executor://xunit/VsTestRunner2/netcoreapp" className="PlaywrightTests.AllPagesE2ETest" name="Page_Should_Load_And_Display_Key_Element" />
    </UnitTest>
    <UnitTest name="PlaywrightTests.AllPagesE2ETest.Page_Should_Load_And_Display_Key_Element(route: &quot;/clinical-input&quot;, keyTextOrClass: &quot;Clinical Input Console&quot;)" storage="c:\hackday2\hack_leftovers\playwrighttests\bin\debug\net9.0\playwrighttests.dll" id="71429d5b-7840-c796-d6e8-f3f8e763bbea">
      <Execution id="5a48d839-53aa-41c4-830f-dea360cb07ed" />
      <TestMethod codeBase="C:\HackDay2\hack_leftovers\PlaywrightTests\bin\Debug\net9.0\PlaywrightTests.dll" adapterTypeName="executor://xunit/VsTestRunner2/netcoreapp" className="PlaywrightTests.AllPagesE2ETest" name="Page_Should_Load_And_Display_Key_Element" />
    </UnitTest>
    <UnitTest name="PlaywrightTests.AboutPageE2ETest.AboutPage_Should_Display_All_Images_With_Correct_Alt" storage="c:\hackday2\hack_leftovers\playwrighttests\bin\debug\net9.0\playwrighttests.dll" id="aa0ce9da-abb2-8e99-c629-3f68c5798757">
      <Execution id="95f89ead-9b83-4774-87bc-eaf43a02b56a" />
      <TestMethod codeBase="C:\HackDay2\hack_leftovers\PlaywrightTests\bin\Debug\net9.0\PlaywrightTests.dll" adapterTypeName="executor://xunit/VsTestRunner2/netcoreapp" className="PlaywrightTests.AboutPageE2ETest" name="AboutPage_Should_Display_All_Images_With_Correct_Alt" />
    </UnitTest>
    <UnitTest name="PlaywrightTests.AllPagesE2ETest.Page_Should_Load_And_Display_Key_Element(route: &quot;/referral-form&quot;, keyTextOrClass: &quot;Patient Intake&quot;)" storage="c:\hackday2\hack_leftovers\playwrighttests\bin\debug\net9.0\playwrighttests.dll" id="b5fd2a00-8d3d-9235-e9ba-16807bd96af0">
      <Execution id="06d72f8d-cabc-462b-bd30-d37f2681877a" />
      <TestMethod codeBase="C:\HackDay2\hack_leftovers\PlaywrightTests\bin\Debug\net9.0\PlaywrightTests.dll" adapterTypeName="executor://xunit/VsTestRunner2/netcoreapp" className="PlaywrightTests.AllPagesE2ETest" name="Page_Should_Load_And_Display_Key_Element" />
    </UnitTest>
    <UnitTest name="PlaywrightTests.AllPagesE2ETest.Page_Should_Load_And_Display_Key_Element(route: &quot;/workers/add-edit-1&quot;, keyTextOrClass: &quot;Add/Edit Worker&quot;)" storage="c:\hackday2\hack_leftovers\playwrighttests\bin\debug\net9.0\playwrighttests.dll" id="ddfb976a-a27f-1c25-6870-3d7b3ad4b884">
      <Execution id="e774b42b-960b-4000-ba35-755f3614eeeb" />
      <TestMethod codeBase="C:\HackDay2\hack_leftovers\PlaywrightTests\bin\Debug\net9.0\PlaywrightTests.dll" adapterTypeName="executor://xunit/VsTestRunner2/netcoreapp" className="PlaywrightTests.AllPagesE2ETest" name="Page_Should_Load_And_Display_Key_Element" />
    </UnitTest>
    <UnitTest name="PlaywrightTests.AllPagesE2ETest.Page_Should_Load_And_Display_Key_Element(route: &quot;/wound/inactivate&quot;, keyTextOrClass: &quot;dialog-container&quot;)" storage="c:\hackday2\hack_leftovers\playwrighttests\bin\debug\net9.0\playwrighttests.dll" id="968b6c5f-a488-329d-b48c-ccdc80659730">
      <Execution id="61f53c0a-aa21-4d60-942c-08961f8b2ccc" />
      <TestMethod codeBase="C:\HackDay2\hack_leftovers\PlaywrightTests\bin\Debug\net9.0\PlaywrightTests.dll" adapterTypeName="executor://xunit/VsTestRunner2/netcoreapp" className="PlaywrightTests.AllPagesE2ETest" name="Page_Should_Load_And_Display_Key_Element" />
    </UnitTest>
    <UnitTest name="PlaywrightTests.AllPagesE2ETest.Page_Should_Load_And_Display_Key_Element(route: &quot;/workers&quot;, keyTextOrClass: &quot;Workers Management&quot;)" storage="c:\hackday2\hack_leftovers\playwrighttests\bin\debug\net9.0\playwrighttests.dll" id="78c903b4-8f94-18a1-eead-e282b5bb47eb">
      <Execution id="0e904837-d253-4902-be98-9f5c20225fe2" />
      <TestMethod codeBase="C:\HackDay2\hack_leftovers\PlaywrightTests\bin\Debug\net9.0\PlaywrightTests.dll" adapterTypeName="executor://xunit/VsTestRunner2/netcoreapp" className="PlaywrightTests.AllPagesE2ETest" name="Page_Should_Load_And_Display_Key_Element" />
    </UnitTest>
    <UnitTest name="PlaywrightTests.AllPagesE2ETest.Page_Should_Load_And_Display_Key_Element(route: &quot;/&quot;, keyTextOrClass: &quot;Welcome to BackOffice.Blazor&quot;)" storage="c:\hackday2\hack_leftovers\playwrighttests\bin\debug\net9.0\playwrighttests.dll" id="7cd1b2bb-d802-e8d1-979f-7a2989140f19">
      <Execution id="53aa1cf8-5fa6-4b2b-b4d6-90917f41767c" />
      <TestMethod codeBase="C:\HackDay2\hack_leftovers\PlaywrightTests\bin\Debug\net9.0\PlaywrightTests.dll" adapterTypeName="executor://xunit/VsTestRunner2/netcoreapp" className="PlaywrightTests.AllPagesE2ETest" name="Page_Should_Load_And_Display_Key_Element" />
    </UnitTest>
    <UnitTest name="PlaywrightTests.AllPagesE2ETest.Page_Should_Load_And_Display_Key_Element(route: &quot;/wound/add-simple&quot;, keyTextOrClass: &quot;form-header&quot;)" storage="c:\hackday2\hack_leftovers\playwrighttests\bin\debug\net9.0\playwrighttests.dll" id="523059fd-ca79-1dfa-ed1b-2fb2ab9c200b">
      <Execution id="6e3246db-514e-45f0-91f7-777bbe5b8c2a" />
      <TestMethod codeBase="C:\HackDay2\hack_leftovers\PlaywrightTests\bin\Debug\net9.0\PlaywrightTests.dll" adapterTypeName="executor://xunit/VsTestRunner2/netcoreapp" className="PlaywrightTests.AllPagesE2ETest" name="Page_Should_Load_And_Display_Key_Element" />
    </UnitTest>
    <UnitTest name="PlaywrightTests.AllPagesE2ETest.Page_Should_Load_And_Display_Key_Element(route: &quot;/billing-management&quot;, keyTextOrClass: &quot;Billing Management&quot;)" storage="c:\hackday2\hack_leftovers\playwrighttests\bin\debug\net9.0\playwrighttests.dll" id="1f9401fc-a3ed-2791-856f-7bb57e9b6e22">
      <Execution id="5f3699af-5834-4f7d-ac72-242214cb3923" />
      <TestMethod codeBase="C:\HackDay2\hack_leftovers\PlaywrightTests\bin\Debug\net9.0\PlaywrightTests.dll" adapterTypeName="executor://xunit/VsTestRunner2/netcoreapp" className="PlaywrightTests.AllPagesE2ETest" name="Page_Should_Load_And_Display_Key_Element" />
    </UnitTest>
    <UnitTest name="PlaywrightTests.AllPagesE2ETest.Page_Should_Load_And_Display_Key_Element(route: &quot;/graphql-demo&quot;, keyTextOrClass: &quot;GraphQL Demo&quot;)" storage="c:\hackday2\hack_leftovers\playwrighttests\bin\debug\net9.0\playwrighttests.dll" id="a5d2fedf-8435-066c-18d7-06b50b7975f0">
      <Execution id="2404c1a2-c530-4003-97cf-9f6df91ea0ee" />
      <TestMethod codeBase="C:\HackDay2\hack_leftovers\PlaywrightTests\bin\Debug\net9.0\PlaywrightTests.dll" adapterTypeName="executor://xunit/VsTestRunner2/netcoreapp" className="PlaywrightTests.AllPagesE2ETest" name="Page_Should_Load_And_Display_Key_Element" />
    </UnitTest>
    <UnitTest name="PlaywrightTests.AllPagesE2ETest.Page_Should_Load_And_Display_Key_Element(route: &quot;/wound/record&quot;, keyTextOrClass: &quot;app-header&quot;)" storage="c:\hackday2\hack_leftovers\playwrighttests\bin\debug\net9.0\playwrighttests.dll" id="4e068c6d-01ac-9f19-6652-789c4fada832">
      <Execution id="5ae0d2ac-c787-4369-a36c-b5574e1ae6c3" />
      <TestMethod codeBase="C:\HackDay2\hack_leftovers\PlaywrightTests\bin\Debug\net9.0\PlaywrightTests.dll" adapterTypeName="executor://xunit/VsTestRunner2/netcoreapp" className="PlaywrightTests.AllPagesE2ETest" name="Page_Should_Load_And_Display_Key_Element" />
    </UnitTest>
    <UnitTest name="PlaywrightTests.AllPagesE2ETest.Page_Should_Load_And_Display_Key_Element(route: &quot;/wound/correct-location-type&quot;, keyTextOrClass: &quot;dialog-container&quot;)" storage="c:\hackday2\hack_leftovers\playwrighttests\bin\debug\net9.0\playwrighttests.dll" id="8ad0d637-cf52-ef85-d0f7-2c18c6e42c38">
      <Execution id="b45e7825-bb99-4d47-a5ba-1616cc26d7fc" />
      <TestMethod codeBase="C:\HackDay2\hack_leftovers\PlaywrightTests\bin\Debug\net9.0\PlaywrightTests.dll" adapterTypeName="executor://xunit/VsTestRunner2/netcoreapp" className="PlaywrightTests.AllPagesE2ETest" name="Page_Should_Load_And_Display_Key_Element" />
    </UnitTest>
    <UnitTest name="PlaywrightTests.AllPagesE2ETest.Page_Should_Load_And_Display_Key_Element(route: &quot;/wound/compare-images&quot;, keyTextOrClass: &quot;form-header&quot;)" storage="c:\hackday2\hack_leftovers\playwrighttests\bin\debug\net9.0\playwrighttests.dll" id="9f907180-c91d-4768-9d62-15c877e75095">
      <Execution id="3c454e66-38b0-4388-be01-19af5543a325" />
      <TestMethod codeBase="C:\HackDay2\hack_leftovers\PlaywrightTests\bin\Debug\net9.0\PlaywrightTests.dll" adapterTypeName="executor://xunit/VsTestRunner2/netcoreapp" className="PlaywrightTests.AllPagesE2ETest" name="Page_Should_Load_And_Display_Key_Element" />
    </UnitTest>
    <UnitTest name="PlaywrightTests.AboutPageE2ETest.AboutPage_Close_Button_Should_Navigate_To_Home" storage="c:\hackday2\hack_leftovers\playwrighttests\bin\debug\net9.0\playwrighttests.dll" id="4a3c3c1d-71ed-a437-8dfb-f282c7665fc7">
      <Execution id="9ee3a66e-cf78-48a6-92e4-a1df6862b68a" />
      <TestMethod codeBase="C:\HackDay2\hack_leftovers\PlaywrightTests\bin\Debug\net9.0\PlaywrightTests.dll" adapterTypeName="executor://xunit/VsTestRunner2/netcoreapp" className="PlaywrightTests.AboutPageE2ETest" name="AboutPage_Close_Button_Should_Navigate_To_Home" />
    </UnitTest>
    <UnitTest name="PlaywrightTests.BasicE2ETest.HomePage_Should_Have_Title" storage="c:\hackday2\hack_leftovers\playwrighttests\bin\debug\net9.0\playwrighttests.dll" id="422133b2-6083-79eb-ac06-3ce49a867937">
      <Execution id="bacff669-0242-48b2-ab8a-e15cca64d7d3" />
      <TestMethod codeBase="C:\HackDay2\hack_leftovers\PlaywrightTests\bin\Debug\net9.0\PlaywrightTests.dll" adapterTypeName="executor://xunit/VsTestRunner2/netcoreapp" className="PlaywrightTests.BasicE2ETest" name="HomePage_Should_Have_Title" />
    </UnitTest>
    <UnitTest name="PlaywrightTests.AboutPageE2ETest.AboutPage_Should_Display_Heading" storage="c:\hackday2\hack_leftovers\playwrighttests\bin\debug\net9.0\playwrighttests.dll" id="afb52a71-bf6c-1752-a7ac-59f494ac1a64">
      <Execution id="b3bfaae0-e8d1-416e-b6e4-51ee68973746" />
      <TestMethod codeBase="C:\HackDay2\hack_leftovers\PlaywrightTests\bin\Debug\net9.0\PlaywrightTests.dll" adapterTypeName="executor://xunit/VsTestRunner2/netcoreapp" className="PlaywrightTests.AboutPageE2ETest" name="AboutPage_Should_Display_Heading" />
    </UnitTest>
    <UnitTest name="PlaywrightTests.AboutPageE2ETest.AboutPage_Should_Display_Version_Info" storage="c:\hackday2\hack_leftovers\playwrighttests\bin\debug\net9.0\playwrighttests.dll" id="bf4ca710-8cf7-4847-6a86-5ef2fba30bb8">
      <Execution id="c883b977-f477-44ac-bf8e-f7c982745db1" />
      <TestMethod codeBase="C:\HackDay2\hack_leftovers\PlaywrightTests\bin\Debug\net9.0\PlaywrightTests.dll" adapterTypeName="executor://xunit/VsTestRunner2/netcoreapp" className="PlaywrightTests.AboutPageE2ETest" name="AboutPage_Should_Display_Version_Info" />
    </UnitTest>
    <UnitTest name="PlaywrightTests.AllPagesE2ETest.Page_Should_Load_And_Display_Key_Element(route: &quot;/workers/add-edit&quot;, keyTextOrClass: &quot;Add/Edit Worker&quot;)" storage="c:\hackday2\hack_leftovers\playwrighttests\bin\debug\net9.0\playwrighttests.dll" id="0ae98ee1-553b-917d-7349-969972170183">
      <Execution id="71d68213-baee-4a28-9401-5710274603df" />
      <TestMethod codeBase="C:\HackDay2\hack_leftovers\PlaywrightTests\bin\Debug\net9.0\PlaywrightTests.dll" adapterTypeName="executor://xunit/VsTestRunner2/netcoreapp" className="PlaywrightTests.AllPagesE2ETest" name="Page_Should_Load_And_Display_Key_Element" />
    </UnitTest>
    <UnitTest name="PlaywrightTests.AllPagesE2ETest.Page_Should_Load_And_Display_Key_Element(route: &quot;/tableadmin&quot;, keyTextOrClass: &quot;Table Administration&quot;)" storage="c:\hackday2\hack_leftovers\playwrighttests\bin\debug\net9.0\playwrighttests.dll" id="64eee20e-9648-e2db-dc84-c7c6dcb911d2">
      <Execution id="4d154102-e619-44b6-8fba-a3282adc2d59" />
      <TestMethod codeBase="C:\HackDay2\hack_leftovers\PlaywrightTests\bin\Debug\net9.0\PlaywrightTests.dll" adapterTypeName="executor://xunit/VsTestRunner2/netcoreapp" className="PlaywrightTests.AllPagesE2ETest" name="Page_Should_Load_And_Display_Key_Element" />
    </UnitTest>
    <UnitTest name="PlaywrightTests.AllPagesE2ETest.Page_Should_Load_And_Display_Key_Element(route: &quot;/clinical-input-search&quot;, keyTextOrClass: &quot;Search&quot;)" storage="c:\hackday2\hack_leftovers\playwrighttests\bin\debug\net9.0\playwrighttests.dll" id="0b0af52b-6801-9dc7-ecd8-cbf9b9500325">
      <Execution id="e0cce495-f18a-4106-9a1f-1f11d61860fc" />
      <TestMethod codeBase="C:\HackDay2\hack_leftovers\PlaywrightTests\bin\Debug\net9.0\PlaywrightTests.dll" adapterTypeName="executor://xunit/VsTestRunner2/netcoreapp" className="PlaywrightTests.AllPagesE2ETest" name="Page_Should_Load_And_Display_Key_Element" />
    </UnitTest>
    <UnitTest name="PlaywrightTests.AllPagesE2ETest.Page_Should_Load_And_Display_Key_Element(route: &quot;/wound/restage-pressure-ulcer&quot;, keyTextOrClass: &quot;dialog-container&quot;)" storage="c:\hackday2\hack_leftovers\playwrighttests\bin\debug\net9.0\playwrighttests.dll" id="348c510d-e24c-ac1d-758b-203710e9be33">
      <Execution id="518778e9-3b54-4d0a-9520-2fe20b52884d" />
      <TestMethod codeBase="C:\HackDay2\hack_leftovers\PlaywrightTests\bin\Debug\net9.0\PlaywrightTests.dll" adapterTypeName="executor://xunit/VsTestRunner2/netcoreapp" className="PlaywrightTests.AllPagesE2ETest" name="Page_Should_Load_And_Display_Key_Element" />
    </UnitTest>
  </TestDefinitions>
  <TestEntries>
    <TestEntry testId="a5d2fedf-8435-066c-18d7-06b50b7975f0" executionId="2404c1a2-c530-4003-97cf-9f6df91ea0ee" testListId="8c84fa94-04c1-424b-9868-57a2d4851a1d" />
    <TestEntry testId="b5fd2a00-8d3d-9235-e9ba-16807bd96af0" executionId="06d72f8d-cabc-462b-bd30-d37f2681877a" testListId="8c84fa94-04c1-424b-9868-57a2d4851a1d" />
    <TestEntry testId="9f907180-c91d-4768-9d62-15c877e75095" executionId="3c454e66-38b0-4388-be01-19af5543a325" testListId="8c84fa94-04c1-424b-9868-57a2d4851a1d" />
    <TestEntry testId="6a6a3d88-7b83-cbe1-449d-01f6e7480935" executionId="4055c135-5dc7-4fcf-87d8-d27c7f6e1a0d" testListId="8c84fa94-04c1-424b-9868-57a2d4851a1d" />
    <TestEntry testId="0c0c9fb0-3a47-4be3-194f-189087065b71" executionId="ff79ec06-d8b4-4d5c-bfe4-1efe86e25a73" testListId="8c84fa94-04c1-424b-9868-57a2d4851a1d" />
    <TestEntry testId="641a3f9c-6ce8-1d34-2a78-63f4bf95f284" executionId="2432032f-6b38-4099-9415-2119d60ca065" testListId="8c84fa94-04c1-424b-9868-57a2d4851a1d" />
    <TestEntry testId="8ad0d637-cf52-ef85-d0f7-2c18c6e42c38" executionId="b45e7825-bb99-4d47-a5ba-1616cc26d7fc" testListId="8c84fa94-04c1-424b-9868-57a2d4851a1d" />
    <TestEntry testId="422133b2-6083-79eb-ac06-3ce49a867937" executionId="bacff669-0242-48b2-ab8a-e15cca64d7d3" testListId="8c84fa94-04c1-424b-9868-57a2d4851a1d" />
    <TestEntry testId="0b0af52b-6801-9dc7-ecd8-cbf9b9500325" executionId="e0cce495-f18a-4106-9a1f-1f11d61860fc" testListId="8c84fa94-04c1-424b-9868-57a2d4851a1d" />
    <TestEntry testId="bc2e0dd3-d341-45eb-6ca1-b92ece2e1629" executionId="abec2d59-e3f5-4e87-bc22-95e8e4ed28cc" testListId="8c84fa94-04c1-424b-9868-57a2d4851a1d" />
    <TestEntry testId="1f9401fc-a3ed-2791-856f-7bb57e9b6e22" executionId="5f3699af-5834-4f7d-ac72-242214cb3923" testListId="8c84fa94-04c1-424b-9868-57a2d4851a1d" />
    <TestEntry testId="0ae98ee1-553b-917d-7349-969972170183" executionId="71d68213-baee-4a28-9401-5710274603df" testListId="8c84fa94-04c1-424b-9868-57a2d4851a1d" />
    <TestEntry testId="ddfb976a-a27f-1c25-6870-3d7b3ad4b884" executionId="e774b42b-960b-4000-ba35-755f3614eeeb" testListId="8c84fa94-04c1-424b-9868-57a2d4851a1d" />
    <TestEntry testId="afb52a71-bf6c-1752-a7ac-59f494ac1a64" executionId="b3bfaae0-e8d1-416e-b6e4-51ee68973746" testListId="8c84fa94-04c1-424b-9868-57a2d4851a1d" />
    <TestEntry testId="348c510d-e24c-ac1d-758b-203710e9be33" executionId="518778e9-3b54-4d0a-9520-2fe20b52884d" testListId="8c84fa94-04c1-424b-9868-57a2d4851a1d" />
    <TestEntry testId="4a3c3c1d-71ed-a437-8dfb-f282c7665fc7" executionId="9ee3a66e-cf78-48a6-92e4-a1df6862b68a" testListId="8c84fa94-04c1-424b-9868-57a2d4851a1d" />
    <TestEntry testId="7cd1b2bb-d802-e8d1-979f-7a2989140f19" executionId="53aa1cf8-5fa6-4b2b-b4d6-90917f41767c" testListId="8c84fa94-04c1-424b-9868-57a2d4851a1d" />
    <TestEntry testId="78c903b4-8f94-18a1-eead-e282b5bb47eb" executionId="0e904837-d253-4902-be98-9f5c20225fe2" testListId="8c84fa94-04c1-424b-9868-57a2d4851a1d" />
    <TestEntry testId="f9d7b8ab-bdea-e569-85e0-193f77cfc0c1" executionId="2a513cf0-427b-464b-a44b-51c4a52a2475" testListId="8c84fa94-04c1-424b-9868-57a2d4851a1d" />
    <TestEntry testId="968b6c5f-a488-329d-b48c-ccdc80659730" executionId="61f53c0a-aa21-4d60-942c-08961f8b2ccc" testListId="8c84fa94-04c1-424b-9868-57a2d4851a1d" />
    <TestEntry testId="4e068c6d-01ac-9f19-6652-789c4fada832" executionId="5ae0d2ac-c787-4369-a36c-b5574e1ae6c3" testListId="8c84fa94-04c1-424b-9868-57a2d4851a1d" />
    <TestEntry testId="ab21cfeb-7af7-b150-ce60-f2d62ead2900" executionId="1e4a60a7-022f-49b7-95f9-e008cc292da6" testListId="8c84fa94-04c1-424b-9868-57a2d4851a1d" />
    <TestEntry testId="aa0ce9da-abb2-8e99-c629-3f68c5798757" executionId="95f89ead-9b83-4774-87bc-eaf43a02b56a" testListId="8c84fa94-04c1-424b-9868-57a2d4851a1d" />
    <TestEntry testId="64eee20e-9648-e2db-dc84-c7c6dcb911d2" executionId="4d154102-e619-44b6-8fba-a3282adc2d59" testListId="8c84fa94-04c1-424b-9868-57a2d4851a1d" />
    <TestEntry testId="bf4ca710-8cf7-4847-6a86-5ef2fba30bb8" executionId="c883b977-f477-44ac-bf8e-f7c982745db1" testListId="8c84fa94-04c1-424b-9868-57a2d4851a1d" />
    <TestEntry testId="71429d5b-7840-c796-d6e8-f3f8e763bbea" executionId="5a48d839-53aa-41c4-830f-dea360cb07ed" testListId="8c84fa94-04c1-424b-9868-57a2d4851a1d" />
    <TestEntry testId="523059fd-ca79-1dfa-ed1b-2fb2ab9c200b" executionId="6e3246db-514e-45f0-91f7-777bbe5b8c2a" testListId="8c84fa94-04c1-424b-9868-57a2d4851a1d" />
  </TestEntries>
  <TestLists>
    <TestList name="Results Not in a List" id="8c84fa94-04c1-424b-9868-57a2d4851a1d" />
    <TestList name="All Loaded Results" id="19431567-8539-422a-85d7-44ee4e166bda" />
  </TestLists>
  <ResultSummary outcome="Completed">
    <Counters total="27" executed="27" passed="27" failed="0" error="0" timeout="0" aborted="0" inconclusive="0" passedButRunAborted="0" notRunnable="0" notExecuted="0" disconnected="0" warning="0" completed="0" inProgress="0" pending="0" />
    <Output>
      <StdOut>[xUnit.net 00:00:00.00] xUnit.net VSTest Adapter v2.8.2+699d445a1a (64-bit .NET 9.0.7)&#xD;
[xUnit.net 00:00:00.06]   Discovering: PlaywrightTests&#xD;
[xUnit.net 00:00:00.10]   Discovered:  PlaywrightTests&#xD;
[xUnit.net 00:00:00.10]   Starting:    PlaywrightTests&#xD;
Navigated URL: http://localhost:5000/&#xD;
[xUnit.net 00:02:14.88]   Finished:    PlaywrightTests&#xD;
</StdOut>
    </Output>
  </ResultSummary>
</TestRun>