<?xml version="1.0" encoding="utf-8"?>
<TestRun id="4dd82af3-48d1-4bbf-adf0-4e0126b78469" name="jkakadia@WLH48Z0UEKZDBZV 2025-07-24 12:30:39" runUser="HCHBCORP\jkakadia" xmlns="http://microsoft.com/schemas/VisualStudio/TeamTest/2010">
  <Times creation="2025-07-24T12:30:39.9426938-05:00" queuing="2025-07-24T12:30:39.9426944-05:00" start="2025-07-24T12:30:12.3649558-05:00" finish="2025-07-24T12:32:35.7157072-05:00" />
  <TestSettings name="default" id="c218f4da-4017-4582-9bb0-00e5f5cb81bb">
    <Deployment runDeploymentRoot="jkakadia_WLH48Z0UEKZDBZV_2025-07-24_12_30_39" />
  </TestSettings>
  <Results>
    <UnitTestResult executionId="8a50386d-bb4c-4479-8d34-380040804737" testId="0ae98ee1-553b-917d-7349-969972170183" testName="PlaywrightTests.AllPagesE2ETest.Page_Should_Load_And_Display_Key_Element(route: &quot;/workers/add-edit&quot;, keyTextOrClass: &quot;Add/Edit Worker&quot;)" computerName="WLH48Z0UEKZDBZV" duration="00:00:04.3344279" startTime="2025-07-24T12:31:06.5552336-05:00" endTime="2025-07-24T12:31:06.5552339-05:00" testType="13cdc9d9-ddb5-4fa4-a97d-d965ccfc6d4b" outcome="Passed" testListId="8c84fa94-04c1-424b-9868-57a2d4851a1d" relativeResultsDirectory="8a50386d-bb4c-4479-8d34-380040804737" />
    <UnitTestResult executionId="cab00536-39bd-4658-b1f6-99867640789b" testId="523059fd-ca79-1dfa-ed1b-2fb2ab9c200b" testName="PlaywrightTests.AllPagesE2ETest.Page_Should_Load_And_Display_Key_Element(route: &quot;/wound/add-simple&quot;, keyTextOrClass: &quot;form-header&quot;)" computerName="WLH48Z0UEKZDBZV" duration="00:00:05.0571507" startTime="2025-07-24T12:32:08.9410623-05:00" endTime="2025-07-24T12:32:08.9410627-05:00" testType="13cdc9d9-ddb5-4fa4-a97d-d965ccfc6d4b" outcome="Passed" testListId="8c84fa94-04c1-424b-9868-57a2d4851a1d" relativeResultsDirectory="cab00536-39bd-4658-b1f6-99867640789b" />
    <UnitTestResult executionId="d243488b-d60d-4542-b58c-fe928b252fd9" testId="78c903b4-8f94-18a1-eead-e282b5bb47eb" testName="PlaywrightTests.AllPagesE2ETest.Page_Should_Load_And_Display_Key_Element(route: &quot;/workers&quot;, keyTextOrClass: &quot;Workers Management&quot;)" computerName="WLH48Z0UEKZDBZV" duration="00:00:09.0056301" startTime="2025-07-24T12:30:56.4444855-05:00" endTime="2025-07-24T12:30:56.4444860-05:00" testType="13cdc9d9-ddb5-4fa4-a97d-d965ccfc6d4b" outcome="Passed" testListId="8c84fa94-04c1-424b-9868-57a2d4851a1d" relativeResultsDirectory="d243488b-d60d-4542-b58c-fe928b252fd9" />
    <UnitTestResult executionId="f826c7b1-1b7f-4f31-a806-4aa53d3c9a78" testId="afb52a71-bf6c-1752-a7ac-59f494ac1a64" testName="PlaywrightTests.AboutPageE2ETest.AboutPage_Should_Display_Heading" computerName="WLH48Z0UEKZDBZV" duration="00:00:28.3700943" startTime="2025-07-24T12:30:41.4269360-05:00" endTime="2025-07-24T12:30:41.4269364-05:00" testType="13cdc9d9-ddb5-4fa4-a97d-d965ccfc6d4b" outcome="Passed" testListId="8c84fa94-04c1-424b-9868-57a2d4851a1d" relativeResultsDirectory="f826c7b1-1b7f-4f31-a806-4aa53d3c9a78" />
    <UnitTestResult executionId="91f70a19-49c4-4c28-8dcd-6fe5fd8d14b2" testId="968b6c5f-a488-329d-b48c-ccdc80659730" testName="PlaywrightTests.AllPagesE2ETest.Page_Should_Load_And_Display_Key_Element(route: &quot;/wound/inactivate&quot;, keyTextOrClass: &quot;dialog-container&quot;)" computerName="WLH48Z0UEKZDBZV" duration="00:00:04.4861741" startTime="2025-07-24T12:32:25.3589212-05:00" endTime="2025-07-24T12:32:25.3589214-05:00" testType="13cdc9d9-ddb5-4fa4-a97d-d965ccfc6d4b" outcome="Passed" testListId="8c84fa94-04c1-424b-9868-57a2d4851a1d" relativeResultsDirectory="91f70a19-49c4-4c28-8dcd-6fe5fd8d14b2" />
    <UnitTestResult executionId="b5bae112-cc2f-49af-9963-c171d71d8eb0" testId="bc2e0dd3-d341-45eb-6ca1-b92ece2e1629" testName="PlaywrightTests.AllPagesE2ETest.Page_Should_Load_And_Display_Key_Element(route: &quot;/wound/add-edit-image&quot;, keyTextOrClass: &quot;form-header&quot;)" computerName="WLH48Z0UEKZDBZV" duration="00:00:04.8908989" startTime="2025-07-24T12:31:58.8166167-05:00" endTime="2025-07-24T12:31:58.8166170-05:00" testType="13cdc9d9-ddb5-4fa4-a97d-d965ccfc6d4b" outcome="Passed" testListId="8c84fa94-04c1-424b-9868-57a2d4851a1d" relativeResultsDirectory="b5bae112-cc2f-49af-9963-c171d71d8eb0" />
    <UnitTestResult executionId="14f1beef-6d3c-4642-98d8-a56f5365bf10" testId="8ad0d637-cf52-ef85-d0f7-2c18c6e42c38" testName="PlaywrightTests.AllPagesE2ETest.Page_Should_Load_And_Display_Key_Element(route: &quot;/wound/correct-location-type&quot;, keyTextOrClass: &quot;dialog-container&quot;)" computerName="WLH48Z0UEKZDBZV" duration="00:00:05.7287283" startTime="2025-07-24T12:31:29.4654017-05:00" endTime="2025-07-24T12:31:29.4654020-05:00" testType="13cdc9d9-ddb5-4fa4-a97d-d965ccfc6d4b" outcome="Passed" testListId="8c84fa94-04c1-424b-9868-57a2d4851a1d" relativeResultsDirectory="14f1beef-6d3c-4642-98d8-a56f5365bf10" />
    <UnitTestResult executionId="adbe6bd2-1600-416e-8199-dcf5fe862b52" testId="ddfb976a-a27f-1c25-6870-3d7b3ad4b884" testName="PlaywrightTests.AllPagesE2ETest.Page_Should_Load_And_Display_Key_Element(route: &quot;/workers/add-edit-1&quot;, keyTextOrClass: &quot;Add/Edit Worker&quot;)" computerName="WLH48Z0UEKZDBZV" duration="00:00:05.0178949" startTime="2025-07-24T12:31:39.4903050-05:00" endTime="2025-07-24T12:31:39.4903055-05:00" testType="13cdc9d9-ddb5-4fa4-a97d-d965ccfc6d4b" outcome="Passed" testListId="8c84fa94-04c1-424b-9868-57a2d4851a1d" relativeResultsDirectory="adbe6bd2-1600-416e-8199-dcf5fe862b52" />
    <UnitTestResult executionId="8be9e030-4568-4dd3-8a7f-40e2329318aa" testId="348c510d-e24c-ac1d-758b-203710e9be33" testName="PlaywrightTests.AllPagesE2ETest.Page_Should_Load_And_Display_Key_Element(route: &quot;/wound/restage-pressure-ulcer&quot;, keyTextOrClass: &quot;dialog-container&quot;)" computerName="WLH48Z0UEKZDBZV" duration="00:00:05.7752815" startTime="2025-07-24T12:31:02.2202870-05:00" endTime="2025-07-24T12:31:02.2202874-05:00" testType="13cdc9d9-ddb5-4fa4-a97d-d965ccfc6d4b" outcome="Passed" testListId="8c84fa94-04c1-424b-9868-57a2d4851a1d" relativeResultsDirectory="8be9e030-4568-4dd3-8a7f-40e2329318aa" />
    <UnitTestResult executionId="aa0a1218-bbbf-4066-add0-41918f337517" testId="422133b2-6083-79eb-ac06-3ce49a867937" testName="PlaywrightTests.BasicE2ETest.HomePage_Should_Have_Title" computerName="WLH48Z0UEKZDBZV" duration="00:00:26.3084449" startTime="2025-07-24T12:30:39.3680739-05:00" endTime="2025-07-24T12:30:39.3680883-05:00" testType="13cdc9d9-ddb5-4fa4-a97d-d965ccfc6d4b" outcome="Passed" testListId="8c84fa94-04c1-424b-9868-57a2d4851a1d" relativeResultsDirectory="aa0a1218-bbbf-4066-add0-41918f337517" />
    <UnitTestResult executionId="d9658dab-bde2-4488-998e-134d19066b63" testId="a5d2fedf-8435-066c-18d7-06b50b7975f0" testName="PlaywrightTests.AllPagesE2ETest.Page_Should_Load_And_Display_Key_Element(route: &quot;/graphql-demo&quot;, keyTextOrClass: &quot;GraphQL Demo&quot;)" computerName="WLH48Z0UEKZDBZV" duration="00:00:08.8953762" startTime="2025-07-24T12:31:23.7357253-05:00" endTime="2025-07-24T12:31:23.7357256-05:00" testType="13cdc9d9-ddb5-4fa4-a97d-d965ccfc6d4b" outcome="Passed" testListId="8c84fa94-04c1-424b-9868-57a2d4851a1d" relativeResultsDirectory="d9658dab-bde2-4488-998e-134d19066b63" />
    <UnitTestResult executionId="b8399635-245c-48d3-bd75-198c6f1e6218" testId="641a3f9c-6ce8-1d34-2a78-63f4bf95f284" testName="PlaywrightTests.AllPagesE2ETest.Page_Should_Load_And_Display_Key_Element(route: &quot;/about&quot;, keyTextOrClass: &quot;About&quot;)" computerName="WLH48Z0UEKZDBZV" duration="00:00:05.1025515" startTime="2025-07-24T12:32:30.4618963-05:00" endTime="2025-07-24T12:32:30.4618965-05:00" testType="13cdc9d9-ddb5-4fa4-a97d-d965ccfc6d4b" outcome="Passed" testListId="8c84fa94-04c1-424b-9868-57a2d4851a1d" relativeResultsDirectory="b8399635-245c-48d3-bd75-198c6f1e6218" />
    <UnitTestResult executionId="c5d91f47-6109-4352-8108-a8f20f147e17" testId="9f907180-c91d-4768-9d62-15c877e75095" testName="PlaywrightTests.AllPagesE2ETest.Page_Should_Load_And_Display_Key_Element(route: &quot;/wound/compare-images&quot;, keyTextOrClass: &quot;form-header&quot;)" computerName="WLH48Z0UEKZDBZV" duration="00:00:05.0663220" startTime="2025-07-24T12:32:03.8834265-05:00" endTime="2025-07-24T12:32:03.8834268-05:00" testType="13cdc9d9-ddb5-4fa4-a97d-d965ccfc6d4b" outcome="Passed" testListId="8c84fa94-04c1-424b-9868-57a2d4851a1d" relativeResultsDirectory="c5d91f47-6109-4352-8108-a8f20f147e17" />
    <UnitTestResult executionId="584a0dd5-ceea-42b3-941f-abfaa71b3fd4" testId="1f9401fc-a3ed-2791-856f-7bb57e9b6e22" testName="PlaywrightTests.AllPagesE2ETest.Page_Should_Load_And_Display_Key_Element(route: &quot;/billing-management&quot;, keyTextOrClass: &quot;Billing Management&quot;)" computerName="WLH48Z0UEKZDBZV" duration="00:00:05.2030971" startTime="2025-07-24T12:32:35.6654800-05:00" endTime="2025-07-24T12:32:35.6654803-05:00" testType="13cdc9d9-ddb5-4fa4-a97d-d965ccfc6d4b" outcome="Passed" testListId="8c84fa94-04c1-424b-9868-57a2d4851a1d" relativeResultsDirectory="584a0dd5-ceea-42b3-941f-abfaa71b3fd4" />
    <UnitTestResult executionId="e15cd1bb-693e-4c16-9104-e6d612bd765b" testId="b5fd2a00-8d3d-9235-e9ba-16807bd96af0" testName="PlaywrightTests.AllPagesE2ETest.Page_Should_Load_And_Display_Key_Element(route: &quot;/referral-form&quot;, keyTextOrClass: &quot;Patient Intake&quot;)" computerName="WLH48Z0UEKZDBZV" duration="00:00:08.2837121" startTime="2025-07-24T12:31:14.8396512-05:00" endTime="2025-07-24T12:31:14.8396515-05:00" testType="13cdc9d9-ddb5-4fa4-a97d-d965ccfc6d4b" outcome="Passed" testListId="8c84fa94-04c1-424b-9868-57a2d4851a1d" relativeResultsDirectory="e15cd1bb-693e-4c16-9104-e6d612bd765b" />
    <UnitTestResult executionId="ad161a1f-7eff-4580-8b9e-b5dfe15b9eb0" testId="4a3c3c1d-71ed-a437-8dfb-f282c7665fc7" testName="PlaywrightTests.AboutPageE2ETest.AboutPage_Close_Button_Should_Navigate_To_Home" computerName="WLH48Z0UEKZDBZV" duration="00:00:17.9225185" startTime="2025-07-24T12:31:06.8143523-05:00" endTime="2025-07-24T12:31:06.8143525-05:00" testType="13cdc9d9-ddb5-4fa4-a97d-d965ccfc6d4b" outcome="Failed" testListId="8c84fa94-04c1-424b-9868-57a2d4851a1d" relativeResultsDirectory="ad161a1f-7eff-4580-8b9e-b5dfe15b9eb0">
      <Output>
        <ErrorInfo>
          <Message>System.TimeoutException : Timeout 10000ms exceeded.
=========================== logs ===========================
waiting for navigation until "Load"
============================================================&#xD;
---- System.TimeoutException : Timeout 10000ms exceeded.</Message>
          <StackTrace>   at Microsoft.Playwright.Core.Waiter.WaitForPromiseAsync[T](Task`1 task, Action dispose) in /_/src/Playwright/Core/Waiter.cs:line 226&#xD;
   at Microsoft.Playwright.Core.Frame.WaitForNavigationInternalAsync(Waiter waiter, String urlString, Func`2 urlFunc, Regex urlRegex, Nullable`1 waitUntil) in /_/src/Playwright/Core/Frame.cs:line 321&#xD;
   at Microsoft.Playwright.Core.Frame.RunAndWaitForNavigationAsync(Func`1 action, FrameRunAndWaitForNavigationOptions options) in /_/src/Playwright/Core/Frame.cs:line 285&#xD;
   at PlaywrightTests.AboutPageE2ETest.AboutPage_Close_Button_Should_Navigate_To_Home() in C:\HackDay2\hack_leftovers\PlaywrightTests\AboutPageE2ETest.cs:line 75&#xD;
   at PlaywrightTests.AboutPageE2ETest.AboutPage_Close_Button_Should_Navigate_To_Home() in C:\HackDay2\hack_leftovers\PlaywrightTests\AboutPageE2ETest.cs:line 78&#xD;
--- End of stack trace from previous location ---&#xD;
----- Inner Stack Trace -----&#xD;
   at Microsoft.Playwright.Helpers.TaskHelper.&lt;&gt;c__DisplayClass2_0.&lt;WithTimeout&gt;b__0() in /_/src/Playwright/Helpers/TaskHelper.cs:line 72&#xD;
   at Microsoft.Playwright.Helpers.TaskHelper.WithTimeout(Task task, Func`1 timeoutAction, TimeSpan timeout, CancellationToken cancellationToken) in /_/src/Playwright/Helpers/TaskHelper.cs:line 108&#xD;
   at Microsoft.Playwright.Core.Waiter.WaitForPromiseAsync[T](Task`1 task, Action dispose) in /_/src/Playwright/Core/Waiter.cs:line 218</StackTrace>
        </ErrorInfo>
      </Output>
    </UnitTestResult>
    <UnitTestResult executionId="8a7414f1-d2ea-46ed-9f17-e92add22293f" testId="aa0ce9da-abb2-8e99-c629-3f68c5798757" testName="PlaywrightTests.AboutPageE2ETest.AboutPage_Should_Display_All_Images_With_Correct_Alt" computerName="WLH48Z0UEKZDBZV" duration="00:00:09.0967718" startTime="2025-07-24T12:31:23.4146641-05:00" endTime="2025-07-24T12:31:23.4146644-05:00" testType="13cdc9d9-ddb5-4fa4-a97d-d965ccfc6d4b" outcome="Passed" testListId="8c84fa94-04c1-424b-9868-57a2d4851a1d" relativeResultsDirectory="8a7414f1-d2ea-46ed-9f17-e92add22293f" />
    <UnitTestResult executionId="fc6389d2-760c-4fee-84c4-a398eac877f7" testId="0b0af52b-6801-9dc7-ecd8-cbf9b9500325" testName="PlaywrightTests.AllPagesE2ETest.Page_Should_Load_And_Display_Key_Element(route: &quot;/clinical-input-search&quot;, keyTextOrClass: &quot;Search&quot;)" computerName="WLH48Z0UEKZDBZV" duration="00:00:27.4656271" startTime="2025-07-24T12:30:40.5222386-05:00" endTime="2025-07-24T12:30:40.5222388-05:00" testType="13cdc9d9-ddb5-4fa4-a97d-d965ccfc6d4b" outcome="Passed" testListId="8c84fa94-04c1-424b-9868-57a2d4851a1d" relativeResultsDirectory="fc6389d2-760c-4fee-84c4-a398eac877f7" />
    <UnitTestResult executionId="39109f02-bd65-4c36-926a-c4248f4f5815" testId="64eee20e-9648-e2db-dc84-c7c6dcb911d2" testName="PlaywrightTests.AllPagesE2ETest.Page_Should_Load_And_Display_Key_Element(route: &quot;/tableadmin&quot;, keyTextOrClass: &quot;Table Administration&quot;)" computerName="WLH48Z0UEKZDBZV" duration="00:00:05.1380014" startTime="2025-07-24T12:31:53.9252271-05:00" endTime="2025-07-24T12:31:53.9252274-05:00" testType="13cdc9d9-ddb5-4fa4-a97d-d965ccfc6d4b" outcome="Passed" testListId="8c84fa94-04c1-424b-9868-57a2d4851a1d" relativeResultsDirectory="39109f02-bd65-4c36-926a-c4248f4f5815" />
    <UnitTestResult executionId="245b627b-2612-4c2a-9796-80c30c1ce7c2" testId="7cd1b2bb-d802-e8d1-979f-7a2989140f19" testName="PlaywrightTests.AllPagesE2ETest.Page_Should_Load_And_Display_Key_Element(route: &quot;/&quot;, keyTextOrClass: &quot;Welcome to BackOffice.Blazor&quot;)" computerName="WLH48Z0UEKZDBZV" duration="00:00:05.0057116" startTime="2025-07-24T12:31:34.4719031-05:00" endTime="2025-07-24T12:31:34.4719037-05:00" testType="13cdc9d9-ddb5-4fa4-a97d-d965ccfc6d4b" outcome="Passed" testListId="8c84fa94-04c1-424b-9868-57a2d4851a1d" relativeResultsDirectory="245b627b-2612-4c2a-9796-80c30c1ce7c2" />
    <UnitTestResult executionId="9c67f6e3-50f0-4ddc-ad3f-17582095079d" testId="ab21cfeb-7af7-b150-ce60-f2d62ead2900" testName="PlaywrightTests.AllPagesE2ETest.Page_Should_Load_And_Display_Key_Element(route: &quot;/wound/view-list&quot;, keyTextOrClass: &quot;form-header&quot;)" computerName="WLH48Z0UEKZDBZV" duration="00:00:06.1440330" startTime="2025-07-24T12:32:15.0856420-05:00" endTime="2025-07-24T12:32:15.0856424-05:00" testType="13cdc9d9-ddb5-4fa4-a97d-d965ccfc6d4b" outcome="Passed" testListId="8c84fa94-04c1-424b-9868-57a2d4851a1d" relativeResultsDirectory="9c67f6e3-50f0-4ddc-ad3f-17582095079d" />
    <UnitTestResult executionId="c29a56a5-1d3a-4e80-b1ef-9756e59e317a" testId="71429d5b-7840-c796-d6e8-f3f8e763bbea" testName="PlaywrightTests.AllPagesE2ETest.Page_Should_Load_And_Display_Key_Element(route: &quot;/clinical-input&quot;, keyTextOrClass: &quot;Clinical Input Console&quot;)" computerName="WLH48Z0UEKZDBZV" duration="00:00:04.6591639" startTime="2025-07-24T12:31:48.7867439-05:00" endTime="2025-07-24T12:31:48.7867444-05:00" testType="13cdc9d9-ddb5-4fa4-a97d-d965ccfc6d4b" outcome="Passed" testListId="8c84fa94-04c1-424b-9868-57a2d4851a1d" relativeResultsDirectory="c29a56a5-1d3a-4e80-b1ef-9756e59e317a" />
    <UnitTestResult executionId="caefdfff-fc1a-46ab-89ed-00d0e1fb1798" testId="0c0c9fb0-3a47-4be3-194f-189087065b71" testName="PlaywrightTests.AllPagesE2ETest.Page_Should_Load_And_Display_Key_Element(route: &quot;/wound/associate-to-order&quot;, keyTextOrClass: &quot;dialog-container&quot;)" computerName="WLH48Z0UEKZDBZV" duration="00:00:05.7861216" startTime="2025-07-24T12:32:20.8723142-05:00" endTime="2025-07-24T12:32:20.8723145-05:00" testType="13cdc9d9-ddb5-4fa4-a97d-d965ccfc6d4b" outcome="Passed" testListId="8c84fa94-04c1-424b-9868-57a2d4851a1d" relativeResultsDirectory="caefdfff-fc1a-46ab-89ed-00d0e1fb1798" />
    <UnitTestResult executionId="ab3b931b-96e7-4a03-a5e1-c1c3014cb085" testId="4e068c6d-01ac-9f19-6652-789c4fada832" testName="PlaywrightTests.AllPagesE2ETest.Page_Should_Load_And_Display_Key_Element(route: &quot;/wound/record&quot;, keyTextOrClass: &quot;app-header&quot;)" computerName="WLH48Z0UEKZDBZV" duration="00:00:04.6364579" startTime="2025-07-24T12:31:44.1270983-05:00" endTime="2025-07-24T12:31:44.1270986-05:00" testType="13cdc9d9-ddb5-4fa4-a97d-d965ccfc6d4b" outcome="Passed" testListId="8c84fa94-04c1-424b-9868-57a2d4851a1d" relativeResultsDirectory="ab3b931b-96e7-4a03-a5e1-c1c3014cb085" />
    <UnitTestResult executionId="dc9c0692-e803-4393-b94e-cc16758d8aff" testId="f9d7b8ab-bdea-e569-85e0-193f77cfc0c1" testName="PlaywrightTests.AllPagesE2ETest.Page_Should_Load_And_Display_Key_Element(route: &quot;/mainform-full&quot;, keyTextOrClass: &quot;HCHB BackOffice&quot;)" computerName="WLH48Z0UEKZDBZV" duration="00:00:06.9155659" startTime="2025-07-24T12:30:47.4383570-05:00" endTime="2025-07-24T12:30:47.4383574-05:00" testType="13cdc9d9-ddb5-4fa4-a97d-d965ccfc6d4b" outcome="Passed" testListId="8c84fa94-04c1-424b-9868-57a2d4851a1d" relativeResultsDirectory="dc9c0692-e803-4393-b94e-cc16758d8aff" />
    <UnitTestResult executionId="852311fa-e03b-4dfb-9420-b60853456609" testId="6a6a3d88-7b83-cbe1-449d-01f6e7480935" testName="PlaywrightTests.AboutPageE2ETest.AboutPage_Should_Display_Copyright_Info" computerName="WLH48Z0UEKZDBZV" duration="00:00:07.4581026" startTime="2025-07-24T12:30:48.8857791-05:00" endTime="2025-07-24T12:30:48.8857794-05:00" testType="13cdc9d9-ddb5-4fa4-a97d-d965ccfc6d4b" outcome="Passed" testListId="8c84fa94-04c1-424b-9868-57a2d4851a1d" relativeResultsDirectory="852311fa-e03b-4dfb-9420-b60853456609" />
    <UnitTestResult executionId="c84c5044-6087-48c7-8ed2-6dfcaec8069b" testId="bf4ca710-8cf7-4847-6a86-5ef2fba30bb8" testName="PlaywrightTests.AboutPageE2ETest.AboutPage_Should_Display_Version_Info" computerName="WLH48Z0UEKZDBZV" duration="00:00:07.5063003" startTime="2025-07-24T12:31:14.3173036-05:00" endTime="2025-07-24T12:31:14.3173040-05:00" testType="13cdc9d9-ddb5-4fa4-a97d-d965ccfc6d4b" outcome="Passed" testListId="8c84fa94-04c1-424b-9868-57a2d4851a1d" relativeResultsDirectory="c84c5044-6087-48c7-8ed2-6dfcaec8069b" />
  </Results>
  <TestDefinitions>
    <UnitTest name="PlaywrightTests.AllPagesE2ETest.Page_Should_Load_And_Display_Key_Element(route: &quot;/mainform-full&quot;, keyTextOrClass: &quot;HCHB BackOffice&quot;)" storage="c:\hackday2\hack_leftovers\playwrighttests\bin\debug\net9.0\playwrighttests.dll" id="f9d7b8ab-bdea-e569-85e0-193f77cfc0c1">
      <Execution id="dc9c0692-e803-4393-b94e-cc16758d8aff" />
      <TestMethod codeBase="C:\HackDay2\hack_leftovers\PlaywrightTests\bin\Debug\net9.0\PlaywrightTests.dll" adapterTypeName="executor://xunit/VsTestRunner2/netcoreapp" className="PlaywrightTests.AllPagesE2ETest" name="Page_Should_Load_And_Display_Key_Element" />
    </UnitTest>
    <UnitTest name="PlaywrightTests.AllPagesE2ETest.Page_Should_Load_And_Display_Key_Element(route: &quot;/wound/add-edit-image&quot;, keyTextOrClass: &quot;form-header&quot;)" storage="c:\hackday2\hack_leftovers\playwrighttests\bin\debug\net9.0\playwrighttests.dll" id="bc2e0dd3-d341-45eb-6ca1-b92ece2e1629">
      <Execution id="b5bae112-cc2f-49af-9963-c171d71d8eb0" />
      <TestMethod codeBase="C:\HackDay2\hack_leftovers\PlaywrightTests\bin\Debug\net9.0\PlaywrightTests.dll" adapterTypeName="executor://xunit/VsTestRunner2/netcoreapp" className="PlaywrightTests.AllPagesE2ETest" name="Page_Should_Load_And_Display_Key_Element" />
    </UnitTest>
    <UnitTest name="PlaywrightTests.AllPagesE2ETest.Page_Should_Load_And_Display_Key_Element(route: &quot;/about&quot;, keyTextOrClass: &quot;About&quot;)" storage="c:\hackday2\hack_leftovers\playwrighttests\bin\debug\net9.0\playwrighttests.dll" id="641a3f9c-6ce8-1d34-2a78-63f4bf95f284">
      <Execution id="b8399635-245c-48d3-bd75-198c6f1e6218" />
      <TestMethod codeBase="C:\HackDay2\hack_leftovers\PlaywrightTests\bin\Debug\net9.0\PlaywrightTests.dll" adapterTypeName="executor://xunit/VsTestRunner2/netcoreapp" className="PlaywrightTests.AllPagesE2ETest" name="Page_Should_Load_And_Display_Key_Element" />
    </UnitTest>
    <UnitTest name="PlaywrightTests.AboutPageE2ETest.AboutPage_Should_Display_Copyright_Info" storage="c:\hackday2\hack_leftovers\playwrighttests\bin\debug\net9.0\playwrighttests.dll" id="6a6a3d88-7b83-cbe1-449d-01f6e7480935">
      <Execution id="852311fa-e03b-4dfb-9420-b60853456609" />
      <TestMethod codeBase="C:\HackDay2\hack_leftovers\PlaywrightTests\bin\Debug\net9.0\PlaywrightTests.dll" adapterTypeName="executor://xunit/VsTestRunner2/netcoreapp" className="PlaywrightTests.AboutPageE2ETest" name="AboutPage_Should_Display_Copyright_Info" />
    </UnitTest>
    <UnitTest name="PlaywrightTests.AllPagesE2ETest.Page_Should_Load_And_Display_Key_Element(route: &quot;/wound/view-list&quot;, keyTextOrClass: &quot;form-header&quot;)" storage="c:\hackday2\hack_leftovers\playwrighttests\bin\debug\net9.0\playwrighttests.dll" id="ab21cfeb-7af7-b150-ce60-f2d62ead2900">
      <Execution id="9c67f6e3-50f0-4ddc-ad3f-17582095079d" />
      <TestMethod codeBase="C:\HackDay2\hack_leftovers\PlaywrightTests\bin\Debug\net9.0\PlaywrightTests.dll" adapterTypeName="executor://xunit/VsTestRunner2/netcoreapp" className="PlaywrightTests.AllPagesE2ETest" name="Page_Should_Load_And_Display_Key_Element" />
    </UnitTest>
    <UnitTest name="PlaywrightTests.AllPagesE2ETest.Page_Should_Load_And_Display_Key_Element(route: &quot;/wound/associate-to-order&quot;, keyTextOrClass: &quot;dialog-container&quot;)" storage="c:\hackday2\hack_leftovers\playwrighttests\bin\debug\net9.0\playwrighttests.dll" id="0c0c9fb0-3a47-4be3-194f-189087065b71">
      <Execution id="caefdfff-fc1a-46ab-89ed-00d0e1fb1798" />
      <TestMethod codeBase="C:\HackDay2\hack_leftovers\PlaywrightTests\bin\Debug\net9.0\PlaywrightTests.dll" adapterTypeName="executor://xunit/VsTestRunner2/netcoreapp" className="PlaywrightTests.AllPagesE2ETest" name="Page_Should_Load_And_Display_Key_Element" />
    </UnitTest>
    <UnitTest name="PlaywrightTests.AllPagesE2ETest.Page_Should_Load_And_Display_Key_Element(route: &quot;/clinical-input&quot;, keyTextOrClass: &quot;Clinical Input Console&quot;)" storage="c:\hackday2\hack_leftovers\playwrighttests\bin\debug\net9.0\playwrighttests.dll" id="71429d5b-7840-c796-d6e8-f3f8e763bbea">
      <Execution id="c29a56a5-1d3a-4e80-b1ef-9756e59e317a" />
      <TestMethod codeBase="C:\HackDay2\hack_leftovers\PlaywrightTests\bin\Debug\net9.0\PlaywrightTests.dll" adapterTypeName="executor://xunit/VsTestRunner2/netcoreapp" className="PlaywrightTests.AllPagesE2ETest" name="Page_Should_Load_And_Display_Key_Element" />
    </UnitTest>
    <UnitTest name="PlaywrightTests.AboutPageE2ETest.AboutPage_Should_Display_All_Images_With_Correct_Alt" storage="c:\hackday2\hack_leftovers\playwrighttests\bin\debug\net9.0\playwrighttests.dll" id="aa0ce9da-abb2-8e99-c629-3f68c5798757">
      <Execution id="8a7414f1-d2ea-46ed-9f17-e92add22293f" />
      <TestMethod codeBase="C:\HackDay2\hack_leftovers\PlaywrightTests\bin\Debug\net9.0\PlaywrightTests.dll" adapterTypeName="executor://xunit/VsTestRunner2/netcoreapp" className="PlaywrightTests.AboutPageE2ETest" name="AboutPage_Should_Display_All_Images_With_Correct_Alt" />
    </UnitTest>
    <UnitTest name="PlaywrightTests.AllPagesE2ETest.Page_Should_Load_And_Display_Key_Element(route: &quot;/referral-form&quot;, keyTextOrClass: &quot;Patient Intake&quot;)" storage="c:\hackday2\hack_leftovers\playwrighttests\bin\debug\net9.0\playwrighttests.dll" id="b5fd2a00-8d3d-9235-e9ba-16807bd96af0">
      <Execution id="e15cd1bb-693e-4c16-9104-e6d612bd765b" />
      <TestMethod codeBase="C:\HackDay2\hack_leftovers\PlaywrightTests\bin\Debug\net9.0\PlaywrightTests.dll" adapterTypeName="executor://xunit/VsTestRunner2/netcoreapp" className="PlaywrightTests.AllPagesE2ETest" name="Page_Should_Load_And_Display_Key_Element" />
    </UnitTest>
    <UnitTest name="PlaywrightTests.AllPagesE2ETest.Page_Should_Load_And_Display_Key_Element(route: &quot;/workers/add-edit-1&quot;, keyTextOrClass: &quot;Add/Edit Worker&quot;)" storage="c:\hackday2\hack_leftovers\playwrighttests\bin\debug\net9.0\playwrighttests.dll" id="ddfb976a-a27f-1c25-6870-3d7b3ad4b884">
      <Execution id="adbe6bd2-1600-416e-8199-dcf5fe862b52" />
      <TestMethod codeBase="C:\HackDay2\hack_leftovers\PlaywrightTests\bin\Debug\net9.0\PlaywrightTests.dll" adapterTypeName="executor://xunit/VsTestRunner2/netcoreapp" className="PlaywrightTests.AllPagesE2ETest" name="Page_Should_Load_And_Display_Key_Element" />
    </UnitTest>
    <UnitTest name="PlaywrightTests.AllPagesE2ETest.Page_Should_Load_And_Display_Key_Element(route: &quot;/wound/inactivate&quot;, keyTextOrClass: &quot;dialog-container&quot;)" storage="c:\hackday2\hack_leftovers\playwrighttests\bin\debug\net9.0\playwrighttests.dll" id="968b6c5f-a488-329d-b48c-ccdc80659730">
      <Execution id="91f70a19-49c4-4c28-8dcd-6fe5fd8d14b2" />
      <TestMethod codeBase="C:\HackDay2\hack_leftovers\PlaywrightTests\bin\Debug\net9.0\PlaywrightTests.dll" adapterTypeName="executor://xunit/VsTestRunner2/netcoreapp" className="PlaywrightTests.AllPagesE2ETest" name="Page_Should_Load_And_Display_Key_Element" />
    </UnitTest>
    <UnitTest name="PlaywrightTests.AllPagesE2ETest.Page_Should_Load_And_Display_Key_Element(route: &quot;/workers&quot;, keyTextOrClass: &quot;Workers Management&quot;)" storage="c:\hackday2\hack_leftovers\playwrighttests\bin\debug\net9.0\playwrighttests.dll" id="78c903b4-8f94-18a1-eead-e282b5bb47eb">
      <Execution id="d243488b-d60d-4542-b58c-fe928b252fd9" />
      <TestMethod codeBase="C:\HackDay2\hack_leftovers\PlaywrightTests\bin\Debug\net9.0\PlaywrightTests.dll" adapterTypeName="executor://xunit/VsTestRunner2/netcoreapp" className="PlaywrightTests.AllPagesE2ETest" name="Page_Should_Load_And_Display_Key_Element" />
    </UnitTest>
    <UnitTest name="PlaywrightTests.AllPagesE2ETest.Page_Should_Load_And_Display_Key_Element(route: &quot;/&quot;, keyTextOrClass: &quot;Welcome to BackOffice.Blazor&quot;)" storage="c:\hackday2\hack_leftovers\playwrighttests\bin\debug\net9.0\playwrighttests.dll" id="7cd1b2bb-d802-e8d1-979f-7a2989140f19">
      <Execution id="245b627b-2612-4c2a-9796-80c30c1ce7c2" />
      <TestMethod codeBase="C:\HackDay2\hack_leftovers\PlaywrightTests\bin\Debug\net9.0\PlaywrightTests.dll" adapterTypeName="executor://xunit/VsTestRunner2/netcoreapp" className="PlaywrightTests.AllPagesE2ETest" name="Page_Should_Load_And_Display_Key_Element" />
    </UnitTest>
    <UnitTest name="PlaywrightTests.AllPagesE2ETest.Page_Should_Load_And_Display_Key_Element(route: &quot;/wound/add-simple&quot;, keyTextOrClass: &quot;form-header&quot;)" storage="c:\hackday2\hack_leftovers\playwrighttests\bin\debug\net9.0\playwrighttests.dll" id="523059fd-ca79-1dfa-ed1b-2fb2ab9c200b">
      <Execution id="cab00536-39bd-4658-b1f6-99867640789b" />
      <TestMethod codeBase="C:\HackDay2\hack_leftovers\PlaywrightTests\bin\Debug\net9.0\PlaywrightTests.dll" adapterTypeName="executor://xunit/VsTestRunner2/netcoreapp" className="PlaywrightTests.AllPagesE2ETest" name="Page_Should_Load_And_Display_Key_Element" />
    </UnitTest>
    <UnitTest name="PlaywrightTests.AllPagesE2ETest.Page_Should_Load_And_Display_Key_Element(route: &quot;/billing-management&quot;, keyTextOrClass: &quot;Billing Management&quot;)" storage="c:\hackday2\hack_leftovers\playwrighttests\bin\debug\net9.0\playwrighttests.dll" id="1f9401fc-a3ed-2791-856f-7bb57e9b6e22">
      <Execution id="584a0dd5-ceea-42b3-941f-abfaa71b3fd4" />
      <TestMethod codeBase="C:\HackDay2\hack_leftovers\PlaywrightTests\bin\Debug\net9.0\PlaywrightTests.dll" adapterTypeName="executor://xunit/VsTestRunner2/netcoreapp" className="PlaywrightTests.AllPagesE2ETest" name="Page_Should_Load_And_Display_Key_Element" />
    </UnitTest>
    <UnitTest name="PlaywrightTests.AllPagesE2ETest.Page_Should_Load_And_Display_Key_Element(route: &quot;/graphql-demo&quot;, keyTextOrClass: &quot;GraphQL Demo&quot;)" storage="c:\hackday2\hack_leftovers\playwrighttests\bin\debug\net9.0\playwrighttests.dll" id="a5d2fedf-8435-066c-18d7-06b50b7975f0">
      <Execution id="d9658dab-bde2-4488-998e-134d19066b63" />
      <TestMethod codeBase="C:\HackDay2\hack_leftovers\PlaywrightTests\bin\Debug\net9.0\PlaywrightTests.dll" adapterTypeName="executor://xunit/VsTestRunner2/netcoreapp" className="PlaywrightTests.AllPagesE2ETest" name="Page_Should_Load_And_Display_Key_Element" />
    </UnitTest>
    <UnitTest name="PlaywrightTests.AllPagesE2ETest.Page_Should_Load_And_Display_Key_Element(route: &quot;/wound/record&quot;, keyTextOrClass: &quot;app-header&quot;)" storage="c:\hackday2\hack_leftovers\playwrighttests\bin\debug\net9.0\playwrighttests.dll" id="4e068c6d-01ac-9f19-6652-789c4fada832">
      <Execution id="ab3b931b-96e7-4a03-a5e1-c1c3014cb085" />
      <TestMethod codeBase="C:\HackDay2\hack_leftovers\PlaywrightTests\bin\Debug\net9.0\PlaywrightTests.dll" adapterTypeName="executor://xunit/VsTestRunner2/netcoreapp" className="PlaywrightTests.AllPagesE2ETest" name="Page_Should_Load_And_Display_Key_Element" />
    </UnitTest>
    <UnitTest name="PlaywrightTests.AllPagesE2ETest.Page_Should_Load_And_Display_Key_Element(route: &quot;/wound/correct-location-type&quot;, keyTextOrClass: &quot;dialog-container&quot;)" storage="c:\hackday2\hack_leftovers\playwrighttests\bin\debug\net9.0\playwrighttests.dll" id="8ad0d637-cf52-ef85-d0f7-2c18c6e42c38">
      <Execution id="14f1beef-6d3c-4642-98d8-a56f5365bf10" />
      <TestMethod codeBase="C:\HackDay2\hack_leftovers\PlaywrightTests\bin\Debug\net9.0\PlaywrightTests.dll" adapterTypeName="executor://xunit/VsTestRunner2/netcoreapp" className="PlaywrightTests.AllPagesE2ETest" name="Page_Should_Load_And_Display_Key_Element" />
    </UnitTest>
    <UnitTest name="PlaywrightTests.AllPagesE2ETest.Page_Should_Load_And_Display_Key_Element(route: &quot;/wound/compare-images&quot;, keyTextOrClass: &quot;form-header&quot;)" storage="c:\hackday2\hack_leftovers\playwrighttests\bin\debug\net9.0\playwrighttests.dll" id="9f907180-c91d-4768-9d62-15c877e75095">
      <Execution id="c5d91f47-6109-4352-8108-a8f20f147e17" />
      <TestMethod codeBase="C:\HackDay2\hack_leftovers\PlaywrightTests\bin\Debug\net9.0\PlaywrightTests.dll" adapterTypeName="executor://xunit/VsTestRunner2/netcoreapp" className="PlaywrightTests.AllPagesE2ETest" name="Page_Should_Load_And_Display_Key_Element" />
    </UnitTest>
    <UnitTest name="PlaywrightTests.AboutPageE2ETest.AboutPage_Close_Button_Should_Navigate_To_Home" storage="c:\hackday2\hack_leftovers\playwrighttests\bin\debug\net9.0\playwrighttests.dll" id="4a3c3c1d-71ed-a437-8dfb-f282c7665fc7">
      <Execution id="ad161a1f-7eff-4580-8b9e-b5dfe15b9eb0" />
      <TestMethod codeBase="C:\HackDay2\hack_leftovers\PlaywrightTests\bin\Debug\net9.0\PlaywrightTests.dll" adapterTypeName="executor://xunit/VsTestRunner2/netcoreapp" className="PlaywrightTests.AboutPageE2ETest" name="AboutPage_Close_Button_Should_Navigate_To_Home" />
    </UnitTest>
    <UnitTest name="PlaywrightTests.BasicE2ETest.HomePage_Should_Have_Title" storage="c:\hackday2\hack_leftovers\playwrighttests\bin\debug\net9.0\playwrighttests.dll" id="422133b2-6083-79eb-ac06-3ce49a867937">
      <Execution id="aa0a1218-bbbf-4066-add0-41918f337517" />
      <TestMethod codeBase="C:\HackDay2\hack_leftovers\PlaywrightTests\bin\Debug\net9.0\PlaywrightTests.dll" adapterTypeName="executor://xunit/VsTestRunner2/netcoreapp" className="PlaywrightTests.BasicE2ETest" name="HomePage_Should_Have_Title" />
    </UnitTest>
    <UnitTest name="PlaywrightTests.AboutPageE2ETest.AboutPage_Should_Display_Heading" storage="c:\hackday2\hack_leftovers\playwrighttests\bin\debug\net9.0\playwrighttests.dll" id="afb52a71-bf6c-1752-a7ac-59f494ac1a64">
      <Execution id="f826c7b1-1b7f-4f31-a806-4aa53d3c9a78" />
      <TestMethod codeBase="C:\HackDay2\hack_leftovers\PlaywrightTests\bin\Debug\net9.0\PlaywrightTests.dll" adapterTypeName="executor://xunit/VsTestRunner2/netcoreapp" className="PlaywrightTests.AboutPageE2ETest" name="AboutPage_Should_Display_Heading" />
    </UnitTest>
    <UnitTest name="PlaywrightTests.AboutPageE2ETest.AboutPage_Should_Display_Version_Info" storage="c:\hackday2\hack_leftovers\playwrighttests\bin\debug\net9.0\playwrighttests.dll" id="bf4ca710-8cf7-4847-6a86-5ef2fba30bb8">
      <Execution id="c84c5044-6087-48c7-8ed2-6dfcaec8069b" />
      <TestMethod codeBase="C:\HackDay2\hack_leftovers\PlaywrightTests\bin\Debug\net9.0\PlaywrightTests.dll" adapterTypeName="executor://xunit/VsTestRunner2/netcoreapp" className="PlaywrightTests.AboutPageE2ETest" name="AboutPage_Should_Display_Version_Info" />
    </UnitTest>
    <UnitTest name="PlaywrightTests.AllPagesE2ETest.Page_Should_Load_And_Display_Key_Element(route: &quot;/workers/add-edit&quot;, keyTextOrClass: &quot;Add/Edit Worker&quot;)" storage="c:\hackday2\hack_leftovers\playwrighttests\bin\debug\net9.0\playwrighttests.dll" id="0ae98ee1-553b-917d-7349-969972170183">
      <Execution id="8a50386d-bb4c-4479-8d34-380040804737" />
      <TestMethod codeBase="C:\HackDay2\hack_leftovers\PlaywrightTests\bin\Debug\net9.0\PlaywrightTests.dll" adapterTypeName="executor://xunit/VsTestRunner2/netcoreapp" className="PlaywrightTests.AllPagesE2ETest" name="Page_Should_Load_And_Display_Key_Element" />
    </UnitTest>
    <UnitTest name="PlaywrightTests.AllPagesE2ETest.Page_Should_Load_And_Display_Key_Element(route: &quot;/tableadmin&quot;, keyTextOrClass: &quot;Table Administration&quot;)" storage="c:\hackday2\hack_leftovers\playwrighttests\bin\debug\net9.0\playwrighttests.dll" id="64eee20e-9648-e2db-dc84-c7c6dcb911d2">
      <Execution id="39109f02-bd65-4c36-926a-c4248f4f5815" />
      <TestMethod codeBase="C:\HackDay2\hack_leftovers\PlaywrightTests\bin\Debug\net9.0\PlaywrightTests.dll" adapterTypeName="executor://xunit/VsTestRunner2/netcoreapp" className="PlaywrightTests.AllPagesE2ETest" name="Page_Should_Load_And_Display_Key_Element" />
    </UnitTest>
    <UnitTest name="PlaywrightTests.AllPagesE2ETest.Page_Should_Load_And_Display_Key_Element(route: &quot;/clinical-input-search&quot;, keyTextOrClass: &quot;Search&quot;)" storage="c:\hackday2\hack_leftovers\playwrighttests\bin\debug\net9.0\playwrighttests.dll" id="0b0af52b-6801-9dc7-ecd8-cbf9b9500325">
      <Execution id="fc6389d2-760c-4fee-84c4-a398eac877f7" />
      <TestMethod codeBase="C:\HackDay2\hack_leftovers\PlaywrightTests\bin\Debug\net9.0\PlaywrightTests.dll" adapterTypeName="executor://xunit/VsTestRunner2/netcoreapp" className="PlaywrightTests.AllPagesE2ETest" name="Page_Should_Load_And_Display_Key_Element" />
    </UnitTest>
    <UnitTest name="PlaywrightTests.AllPagesE2ETest.Page_Should_Load_And_Display_Key_Element(route: &quot;/wound/restage-pressure-ulcer&quot;, keyTextOrClass: &quot;dialog-container&quot;)" storage="c:\hackday2\hack_leftovers\playwrighttests\bin\debug\net9.0\playwrighttests.dll" id="348c510d-e24c-ac1d-758b-203710e9be33">
      <Execution id="8be9e030-4568-4dd3-8a7f-40e2329318aa" />
      <TestMethod codeBase="C:\HackDay2\hack_leftovers\PlaywrightTests\bin\Debug\net9.0\PlaywrightTests.dll" adapterTypeName="executor://xunit/VsTestRunner2/netcoreapp" className="PlaywrightTests.AllPagesE2ETest" name="Page_Should_Load_And_Display_Key_Element" />
    </UnitTest>
  </TestDefinitions>
  <TestEntries>
    <TestEntry testId="0ae98ee1-553b-917d-7349-969972170183" executionId="8a50386d-bb4c-4479-8d34-380040804737" testListId="8c84fa94-04c1-424b-9868-57a2d4851a1d" />
    <TestEntry testId="523059fd-ca79-1dfa-ed1b-2fb2ab9c200b" executionId="cab00536-39bd-4658-b1f6-99867640789b" testListId="8c84fa94-04c1-424b-9868-57a2d4851a1d" />
    <TestEntry testId="78c903b4-8f94-18a1-eead-e282b5bb47eb" executionId="d243488b-d60d-4542-b58c-fe928b252fd9" testListId="8c84fa94-04c1-424b-9868-57a2d4851a1d" />
    <TestEntry testId="afb52a71-bf6c-1752-a7ac-59f494ac1a64" executionId="f826c7b1-1b7f-4f31-a806-4aa53d3c9a78" testListId="8c84fa94-04c1-424b-9868-57a2d4851a1d" />
    <TestEntry testId="968b6c5f-a488-329d-b48c-ccdc80659730" executionId="91f70a19-49c4-4c28-8dcd-6fe5fd8d14b2" testListId="8c84fa94-04c1-424b-9868-57a2d4851a1d" />
    <TestEntry testId="bc2e0dd3-d341-45eb-6ca1-b92ece2e1629" executionId="b5bae112-cc2f-49af-9963-c171d71d8eb0" testListId="8c84fa94-04c1-424b-9868-57a2d4851a1d" />
    <TestEntry testId="8ad0d637-cf52-ef85-d0f7-2c18c6e42c38" executionId="14f1beef-6d3c-4642-98d8-a56f5365bf10" testListId="8c84fa94-04c1-424b-9868-57a2d4851a1d" />
    <TestEntry testId="ddfb976a-a27f-1c25-6870-3d7b3ad4b884" executionId="adbe6bd2-1600-416e-8199-dcf5fe862b52" testListId="8c84fa94-04c1-424b-9868-57a2d4851a1d" />
    <TestEntry testId="348c510d-e24c-ac1d-758b-203710e9be33" executionId="8be9e030-4568-4dd3-8a7f-40e2329318aa" testListId="8c84fa94-04c1-424b-9868-57a2d4851a1d" />
    <TestEntry testId="422133b2-6083-79eb-ac06-3ce49a867937" executionId="aa0a1218-bbbf-4066-add0-41918f337517" testListId="8c84fa94-04c1-424b-9868-57a2d4851a1d" />
    <TestEntry testId="a5d2fedf-8435-066c-18d7-06b50b7975f0" executionId="d9658dab-bde2-4488-998e-134d19066b63" testListId="8c84fa94-04c1-424b-9868-57a2d4851a1d" />
    <TestEntry testId="641a3f9c-6ce8-1d34-2a78-63f4bf95f284" executionId="b8399635-245c-48d3-bd75-198c6f1e6218" testListId="8c84fa94-04c1-424b-9868-57a2d4851a1d" />
    <TestEntry testId="9f907180-c91d-4768-9d62-15c877e75095" executionId="c5d91f47-6109-4352-8108-a8f20f147e17" testListId="8c84fa94-04c1-424b-9868-57a2d4851a1d" />
    <TestEntry testId="1f9401fc-a3ed-2791-856f-7bb57e9b6e22" executionId="584a0dd5-ceea-42b3-941f-abfaa71b3fd4" testListId="8c84fa94-04c1-424b-9868-57a2d4851a1d" />
    <TestEntry testId="b5fd2a00-8d3d-9235-e9ba-16807bd96af0" executionId="e15cd1bb-693e-4c16-9104-e6d612bd765b" testListId="8c84fa94-04c1-424b-9868-57a2d4851a1d" />
    <TestEntry testId="4a3c3c1d-71ed-a437-8dfb-f282c7665fc7" executionId="ad161a1f-7eff-4580-8b9e-b5dfe15b9eb0" testListId="8c84fa94-04c1-424b-9868-57a2d4851a1d" />
    <TestEntry testId="aa0ce9da-abb2-8e99-c629-3f68c5798757" executionId="8a7414f1-d2ea-46ed-9f17-e92add22293f" testListId="8c84fa94-04c1-424b-9868-57a2d4851a1d" />
    <TestEntry testId="0b0af52b-6801-9dc7-ecd8-cbf9b9500325" executionId="fc6389d2-760c-4fee-84c4-a398eac877f7" testListId="8c84fa94-04c1-424b-9868-57a2d4851a1d" />
    <TestEntry testId="64eee20e-9648-e2db-dc84-c7c6dcb911d2" executionId="39109f02-bd65-4c36-926a-c4248f4f5815" testListId="8c84fa94-04c1-424b-9868-57a2d4851a1d" />
    <TestEntry testId="7cd1b2bb-d802-e8d1-979f-7a2989140f19" executionId="245b627b-2612-4c2a-9796-80c30c1ce7c2" testListId="8c84fa94-04c1-424b-9868-57a2d4851a1d" />
    <TestEntry testId="ab21cfeb-7af7-b150-ce60-f2d62ead2900" executionId="9c67f6e3-50f0-4ddc-ad3f-17582095079d" testListId="8c84fa94-04c1-424b-9868-57a2d4851a1d" />
    <TestEntry testId="71429d5b-7840-c796-d6e8-f3f8e763bbea" executionId="c29a56a5-1d3a-4e80-b1ef-9756e59e317a" testListId="8c84fa94-04c1-424b-9868-57a2d4851a1d" />
    <TestEntry testId="0c0c9fb0-3a47-4be3-194f-189087065b71" executionId="caefdfff-fc1a-46ab-89ed-00d0e1fb1798" testListId="8c84fa94-04c1-424b-9868-57a2d4851a1d" />
    <TestEntry testId="4e068c6d-01ac-9f19-6652-789c4fada832" executionId="ab3b931b-96e7-4a03-a5e1-c1c3014cb085" testListId="8c84fa94-04c1-424b-9868-57a2d4851a1d" />
    <TestEntry testId="f9d7b8ab-bdea-e569-85e0-193f77cfc0c1" executionId="dc9c0692-e803-4393-b94e-cc16758d8aff" testListId="8c84fa94-04c1-424b-9868-57a2d4851a1d" />
    <TestEntry testId="6a6a3d88-7b83-cbe1-449d-01f6e7480935" executionId="852311fa-e03b-4dfb-9420-b60853456609" testListId="8c84fa94-04c1-424b-9868-57a2d4851a1d" />
    <TestEntry testId="bf4ca710-8cf7-4847-6a86-5ef2fba30bb8" executionId="c84c5044-6087-48c7-8ed2-6dfcaec8069b" testListId="8c84fa94-04c1-424b-9868-57a2d4851a1d" />
  </TestEntries>
  <TestLists>
    <TestList name="Results Not in a List" id="8c84fa94-04c1-424b-9868-57a2d4851a1d" />
    <TestList name="All Loaded Results" id="19431567-8539-422a-85d7-44ee4e166bda" />
  </TestLists>
  <ResultSummary outcome="Failed">
    <Counters total="27" executed="27" passed="26" failed="1" error="0" timeout="0" aborted="0" inconclusive="0" passedButRunAborted="0" notRunnable="0" notExecuted="0" disconnected="0" warning="0" completed="0" inProgress="0" pending="0" />
    <Output>
      <StdOut>[xUnit.net 00:00:00.00] xUnit.net VSTest Adapter v2.8.2+699d445a1a (64-bit .NET 9.0.7)&#xD;
[xUnit.net 00:00:00.07]   Discovering: PlaywrightTests&#xD;
[xUnit.net 00:00:00.10]   Discovered:  PlaywrightTests&#xD;
[xUnit.net 00:00:00.11]   Starting:    PlaywrightTests&#xD;
[xUnit.net 00:00:53.89]       System.TimeoutException : Timeout 10000ms exceeded.
=========================== logs ===========================
waiting for navigation until "Load"
============================================================&#xD;
[xUnit.net 00:00:53.89]       ---- System.TimeoutException : Timeout 10000ms exceeded.&#xD;
[xUnit.net 00:00:53.89]       Stack Trace:&#xD;
[xUnit.net 00:00:53.89]         /_/src/Playwright/Core/Waiter.cs(226,0): at Microsoft.Playwright.Core.Waiter.WaitForPromiseAsync[T](Task`1 task, Action dispose)&#xD;
[xUnit.net 00:00:53.89]         /_/src/Playwright/Core/Frame.cs(321,0): at Microsoft.Playwright.Core.Frame.WaitForNavigationInternalAsync(Waiter waiter, String urlString, Func`2 urlFunc, Regex urlRegex, Nullable`1 waitUntil)&#xD;
[xUnit.net 00:00:53.89]         /_/src/Playwright/Core/Frame.cs(285,0): at Microsoft.Playwright.Core.Frame.RunAndWaitForNavigationAsync(Func`1 action, FrameRunAndWaitForNavigationOptions options)&#xD;
[xUnit.net 00:00:53.89]         C:\HackDay2\hack_leftovers\PlaywrightTests\AboutPageE2ETest.cs(75,0): at PlaywrightTests.AboutPageE2ETest.AboutPage_Close_Button_Should_Navigate_To_Home()&#xD;
[xUnit.net 00:00:53.89]         C:\HackDay2\hack_leftovers\PlaywrightTests\AboutPageE2ETest.cs(78,0): at PlaywrightTests.AboutPageE2ETest.AboutPage_Close_Button_Should_Navigate_To_Home()&#xD;
[xUnit.net 00:00:53.89]         --- End of stack trace from previous location ---&#xD;
[xUnit.net 00:00:53.89]         ----- Inner Stack Trace -----&#xD;
[xUnit.net 00:00:53.89]         /_/src/Playwright/Helpers/TaskHelper.cs(72,0): at Microsoft.Playwright.Helpers.TaskHelper.&lt;&gt;c__DisplayClass2_0.&lt;WithTimeout&gt;b__0()&#xD;
[xUnit.net 00:00:53.89]         /_/src/Playwright/Helpers/TaskHelper.cs(108,0): at Microsoft.Playwright.Helpers.TaskHelper.WithTimeout(Task task, Func`1 timeoutAction, TimeSpan timeout, CancellationToken cancellationToken)&#xD;
[xUnit.net 00:00:53.89]         /_/src/Playwright/Core/Waiter.cs(218,0): at Microsoft.Playwright.Core.Waiter.WaitForPromiseAsync[T](Task`1 task, Action dispose)&#xD;
[xUnit.net 00:02:22.74]   Finished:    PlaywrightTests&#xD;
</StdOut>
    </Output>
    <RunInfos>
      <RunInfo computerName="WLH48Z0UEKZDBZV" outcome="Error" timestamp="2025-07-24T12:31:06.8126369-05:00">
        <Text>[xUnit.net 00:00:53.89]     PlaywrightTests.AboutPageE2ETest.AboutPage_Close_Button_Should_Navigate_To_Home [FAIL]</Text>
      </RunInfo>
    </RunInfos>
  </ResultSummary>
</TestRun>